Component: ARM Compiler 5.06 (build 20) Tool: armlink [4d35a3]

==============================================================================

Section Cross References

    main.o(i._Z10renderBall4Ball) refers to adafruit_gfx.o(i._ZN12Adafruit_GFX10fillCircleEssst) for Adafruit_GFX::fillCircle(short, short, short, unsigned short)
    main.o(i._Z10renderBall4Ball) refers to wait_api.o(i.wait) for wait
    main.o(i._Z10renderBall4Ball) refers to main.o(.data) for screen
    main.o(i._Z10updateBallR4Ball) refers to main.o(i._Z10renderBall4Ball) for renderBall(Ball)
    main.o(i._Z12collisionObs8ObstacleR4Ball) refers to dflt_clz.o(x$fpl$dflt) for __aeabi_i2d
    main.o(i._Z12collisionObs8ObstacleR4Ball) refers to dmul.o(x$fpl$dmul) for __aeabi_dmul
    main.o(i._Z12collisionObs8ObstacleR4Ball) refers to daddsub_clz.o(x$fpl$dadd) for __aeabi_dadd
    main.o(i._Z12collisionObs8ObstacleR4Ball) refers to dleqf.o(x$fpl$dleqf) for __aeabi_cdcmple
    main.o(i._Z12collisionObs8ObstacleR4Ball) refers to drleqf.o(x$fpl$drleqf) for __aeabi_cdrcmple
    main.o(i._Z12collisionTopR4Balli) refers to main.o(.data) for collisions
    main.o(i._Z12timerHandlerv) refers to main.o(.data) for tickCt
    main.o(i._Z12waitForStartv) refers to main.o(i._Z13jsPrsdAndRlsd7btnId_t) for jsPrsdAndRlsd(btnId_t)
    main.o(i._Z13jsPrsdAndRlsd7btnId_t) refers to main.o(i._ZN4mbed9DigitalIn4readEv) for mbed::DigitalIn::read()
    main.o(i._Z13jsPrsdAndRlsd7btnId_t) refers to main.o(.bss) for jsBtns
    main.o(i._Z13jsPrsdAndRlsd7btnId_t) refers to main.o(.data) for savedState
    main.o(i._Z14checkMagicTimeRiR4Ball) refers to rand.o(.emb_text) for rand
    main.o(i._Z14checkMagicTimeRiR4Ball) refers to main.o(.data) for tickCt
    main.o(i._Z14initialiseGamev) refers to adafruit_gfx.o(i._ZN12Adafruit_GFX12setTextColorEtt) for Adafruit_GFX::setTextColor(unsigned short, unsigned short)
    main.o(i._Z14initialiseGamev) refers to main.o(i._Z15updateStatusBarii) for updateStatusBar(int, int)
    main.o(i._Z14initialiseGamev) refers to main.o(.data) for screen
    main.o(i._Z14updateBatSpeedR3Bat) refers to analogin_api.o(i.analogin_read) for analogin_read
    main.o(i._Z14updateBatSpeedR3Bat) refers to adafruit_gfx.o(i._ZN12Adafruit_GFX9setCursorEss) for Adafruit_GFX::setCursor(short, short)
    main.o(i._Z14updateBatSpeedR3Bat) refers to stream.o(i._ZN4mbed6Stream6printfEPKcz) for mbed::Stream::printf(const char*, ...)
    main.o(i._Z14updateBatSpeedR3Bat) refers to main.o(.data) for pot
    main.o(i._Z15updateStatusBarii) refers to adafruit_gfx.o(i._ZN12Adafruit_GFX9setCursorEss) for Adafruit_GFX::setCursor(short, short)
    main.o(i._Z15updateStatusBarii) refers to stream.o(i._ZN4mbed6Stream6printfEPKcz) for mbed::Stream::printf(const char*, ...)
    main.o(i._Z15updateStatusBarii) refers to main.o(.data) for screen
    main.o(i._Z17initaliseObstacleR8Obstacle) refers to rand.o(.emb_text) for rand
    main.o(i._Z17initaliseObstacleR8Obstacle) refers to main.o(.data) for screen
    main.o(i._Z17initialiseBatBallR4BallR3Bat) refers to rand.o(.emb_text) for rand
    main.o(i._Z17initialiseBatBallR4BallR3Bat) refers to main.o(.data) for tickCt
    main.o(i._Z6jsPrsd7btnId_t) refers to main.o(i._ZN4mbed9DigitalIn4readEv) for mbed::DigitalIn::read()
    main.o(i._Z6jsPrsd7btnId_t) refers to main.o(.bss) for jsBtns
    main.o(i._Z9renderBatR3Bat) refers to main.o(i._Z6jsPrsd7btnId_t) for jsPrsd(btnId_t)
    main.o(i._Z9renderBatR3Bat) refers to main.o(.data) for screen
    main.o(i.__sti___8_main_cpp_pot) refers to main.o(i._ZN4mbed9DigitalInC1E7PinName) for mbed::DigitalIn::DigitalIn(PinName)
    main.o(i.__sti___8_main_cpp_pot) refers to analogin_api.o(i.analogin_init) for analogin_init
    main.o(i.__sti___8_main_cpp_pot) refers to display.o(i._ZN7Display10theDisplayEv) for Display::theDisplay()
    main.o(i.__sti___8_main_cpp_pot) refers to main.o(.bss) for jsBtns
    main.o(i.__sti___8_main_cpp_pot) refers to main.o(.data) for pot
    main.o(i.main) refers to timerevent.o(i._ZN4mbed10TimerEventC2Ev) for mbed::TimerEvent::TimerEvent__sub_object()
    main.o(i.main) refers to main.o(t._ZN4mbed19FunctionPointerArg1IvvE6attachEPFvvE) for mbed::FunctionPointerArg1<void, void>::attach(void(*)())
    main.o(i.main) refers to ticker.o(i._ZN4mbed6Ticker5setupEj) for mbed::Ticker::setup(unsigned)
    main.o(i.main) refers to main.o(i._Z14initialiseGamev) for initialiseGame()
    main.o(i.main) refers to main.o(i._Z12waitForStartv) for waitForStart()
    main.o(i.main) refers to main.o(i._Z17initialiseBatBallR4BallR3Bat) for initialiseBatBall(Ball&, Bat&)
    main.o(i.main) refers to main.o(i._Z17initaliseObstacleR8Obstacle) for initaliseObstacle(Obstacle&)
    main.o(i.main) refers to main.o(i._Z10renderBall4Ball) for renderBall(Ball)
    main.o(i.main) refers to main.o(i._Z10updateBallR4Ball) for updateBall(Ball&)
    main.o(i.main) refers to main.o(i._Z9renderBatR3Bat) for renderBat(Bat&)
[...]
    collisionObs(Obstacle, Ball&)            0x00003479   Thumb Code   302  main.o(i._Z12collisionObs8ObstacleR4Ball)
    collisionTop(Ball&, int)                 0x000035b1   Thumb Code    80  main.o(i._Z12collisionTopR4Balli)
    timerHandler()                           0x00003609   Thumb Code    12  main.o(i._Z12timerHandlerv)
    waitForStart()                           0x00003619   Thumb Code    16  main.o(i._Z12waitForStartv)
    adjust_timing()                          0x00003629   Thumb Code    76  sdram.o(i._Z13adjust_timingv)
    collisionLeft(Ball&)                     0x00003681   Thumb Code    16  main.o(i._Z13collisionLeftR4Ball)
    jsPrsdAndRlsd(btnId_t)                   0x00003715   Thumb Code    46  main.o(i._Z13jsPrsdAndRlsd7btnId_t)
    checkMagicTime(int&, Ball&)              0x0000374d   Thumb Code   124  main.o(i._Z14checkMagicTimeRiR4Ball)
    collisionRight(Ball&)                    0x000037d5   Thumb Code    18  main.o(i._Z14collisionRightR4Ball)
    initialiseGame()                         0x000037e9   Thumb Code    80  main.o(i._Z14initialiseGamev)
    updateBatSpeed(Bat&)                     0x0000383d   Thumb Code    72  main.o(i._Z14updateBatSpeedR3Bat)
    collisionBottom(Ball)                    0x0000389d   Thumb Code    18  main.o(i._Z15collisionBottom4Ball)
    updateStatusBar(int, int)                0x000038b1   Thumb Code    62  main.o(i._Z15updateStatusBarii)
    initaliseObstacle(Obstacle&)             0x00003911   Thumb Code   100  main.o(i._Z17initaliseObstacleR8Obstacle)
    initialiseBatBall(Ball&, Bat&)           0x00003979   Thumb Code   176  main.o(i._Z17initialiseBatBallR4BallR3Bat)
    jsPrsd(btnId_t)                          0x00003a35   Thumb Code    30  main.o(i._Z6jsPrsd7btnId_t)
    renderBat(Bat&)                          0x00003db9   Thumb Code   232  main.o(i._Z9renderBatR3Bat)
    EaLcdBoard::eepromRead(unsigned char*, unsigned short, unsigned short) 0x00003ea5   Thumb Code   126  ealcdboard.o(i._ZN10EaLcdBoard10eepromReadEPhtt)
    EaLcdBoard::execPinSet(char*, unsigned)  0x00003f25   Thumb Code   190  ealcdboard.o(i._ZN10EaLcdBoard10execPinSetEPcj)
    EaLcdBoard::getInitSeq(char*, int)       0x00004001   Thumb Code    82  ealcdboard.o(i._ZN10EaLcdBoard10getInitSeqEPci)
    EaLcdBoard::execSeqCtrl(char*, unsigned) 0x00004059   Thumb Code   132  ealcdboard.o(i._ZN10EaLcdBoard11execSeqCtrlEPcj)
    EaLcdBoard::set5VSignal(bool)            0x000040dd   Thumb Code    32  ealcdboard.o(i._ZN10EaLcdBoard11set5VSignalEb)
    EaLcdBoard::setLsStates(unsigned short, unsigned char*, unsigned char) 0x000040fd   Thumb Code    62  ealcdboard.o(i._ZN10EaLcdBoard11setLsStatesEtPhh)
    EaLcdBoard::checkVersion(char*, unsigned) 0x0000413b   Thumb Code    34  ealcdboard.o(i._ZN10EaLcdBoard12checkVersionEPcj)
    EaLcdBoard::getLcdConfig(LcdController::Config*) 0x0000415d   Thumb Code   214  ealcdboard.o(i._ZN10EaLcdBoard12getLcdConfigEPN13LcdController6ConfigE)
    EaLcdBoard::set3V3Signal(bool)           0x00004239   Thumb Code    32  ealcdboard.o(i._ZN10EaLcdBoard12set3V3SignalEb)
    EaLcdBoard::setFrameBuffer(unsigned)     0x00004259   Thumb Code    68  ealcdboard.o(i._ZN10EaLcdBoard14setFrameBufferEj)
    EaLcdBoard::parseInitString(char*, LcdController::Config*) 0x0000429d   Thumb Code   190  ealcdboard.o(i._ZN10EaLcdBoard15parseInitStringEPcPN13LcdController6ConfigE)
    EaLcdBoard::pca9532_setLeds(unsigned short, unsigned short) 0x0000435b   Thumb Code    44  ealcdboard.o(i._ZN10EaLcdBoard15pca9532_setLedsEtt)
    EaLcdBoard::setBacklightContrast(unsigned) 0x00004387   Thumb Code    46  ealcdboard.o(i._ZN10EaLcdBoard20setBacklightContrastEj)
    EaLcdBoard::pca9532_setBlink0Duty(unsigned char) 0x000043b5   Thumb Code    54  ealcdboard.o(i._ZN10EaLcdBoard21pca9532_setBlink0DutyEh)
    EaLcdBoard::pca9532_setBlink0Leds(unsigned short) 0x000043eb   Thumb Code    24  ealcdboard.o(i._ZN10EaLcdBoard21pca9532_setBlink0LedsEt)
    EaLcdBoard::setDisplayEnableSignal(bool) 0x00004403   Thumb Code    32  ealcdboard.o(i._ZN10EaLcdBoard22setDisplayEnableSignalEb)
    EaLcdBoard::pca9532_setBlink0Period(unsigned char) 0x00004423   Thumb Code    34  ealcdboard.o(i._ZN10EaLcdBoard23pca9532_setBlink0PeriodEh)
    EaLcdBoard::open(LcdController::Config*, char*) 0x00004445   Thumb Code    70  ealcdboard.o(i._ZN10EaLcdBoard4openEPN13LcdController6ConfigEPc)
    EaLcdBoard::setLeds()                    0x00004491   Thumb Code   108  ealcdboard.o(i._ZN10EaLcdBoard7setLedsEv)
    EaLcdBoard::getStore(EaLcdBoard::store_t*) 0x000044fd   Thumb Code    40  ealcdboard.o(i._ZN10EaLcdBoard8getStoreEPNS_7store_tE)
    EaLcdBoard::execDelay(char*, unsigned)   0x00004525   Thumb Code    30  ealcdboard.o(i._ZN10EaLcdBoard9execDelayEPcj)
    EaLcdBoard::EaLcdBoard(PinName, PinName) 0x00004545   Thumb Code    64  ealcdboard.o(i._ZN10EaLcdBoardC1E7PinNameS0_)
    EaLcdBoard::EaLcdBoard__sub_object(PinName, PinName) 0x00004545   Thumb Code     0  ealcdboard.o(i._ZN10EaLcdBoardC1E7PinNameS0_)
    Adafruit_GFX::fillCircle(short, short, short, unsigned short) 0x00004589   Thumb Code    64  adafruit_gfx.o(i._ZN12Adafruit_GFX10fillCircleEssst)
    Adafruit_GFX::setTextColor(unsigned short, unsigned short) 0x000045c9   Thumb Code     6  adafruit_gfx.o(i._ZN12Adafruit_GFX12setTextColorEtt)
    Adafruit_GFX::drawFastHLine(short, short, short, unsigned short) 0x000045cf   Thumb Code    44  adafruit_gfx.o(i._ZN12Adafruit_GFX13drawFastHLineEssst)
    Adafruit_GFX::drawFastVLine(short, short, short, unsigned short) 0x000045fb   Thumb Code    46  adafruit_gfx.o(i._ZN12Adafruit_GFX13drawFastVLineEssst)
    Adafruit_GFX::fillCircleHelper(short, short, short, unsigned char, short, unsigned short) 0x00004629   Thumb Code   246  adafruit_gfx.o(i._ZN12Adafruit_GFX16fillCircleHelperEssshst)
    Adafruit_GFX::width()                    0x0000471f   Thumb Code     8  adafruit_gfx.o(i._ZN12Adafruit_GFX5widthEv)
    Adafruit_GFX::write(unsigned char)       0x00004727   Thumb Code   122  adafruit_gfx.o(i._ZN12Adafruit_GFX5writeEh)
    Adafruit_GFX::height()                   0x000047a1   Thumb Code     8  adafruit_gfx.o(i._ZN12Adafruit_GFX6heightEv)
    Adafruit_GFX::drawChar(short, short, unsigned char, unsigned short, unsigned short, unsigned char) 0x000047a9   Thumb Code   256  adafruit_gfx.o(i._ZN12Adafruit_GFX8drawCharEsshtth)
    Adafruit_GFX::drawLine(short, short, short, short, unsigned short) 0x000048ad   Thumb Code   220  adafruit_gfx.o(i._ZN12Adafruit_GFX8drawLineEsssst)
    Adafruit_GFX::drawRect(short, short, short, short, unsigned short) 0x00004989   Thumb Code   104  adafruit_gfx.o(i._ZN12Adafruit_GFX8drawRectEsssst)
    Adafruit_GFX::fillRect(short, short, short, short, unsigned short) 0x000049f1   Thumb Code    54  adafruit_gfx.o(i._ZN12Adafruit_GFX8fillRectEsssst)
    Adafruit_GFX::setCursor(short, short)    0x00004a27   Thumb Code     6  adafruit_gfx.o(i._ZN12Adafruit_GFX9setCursorEss)
    Adafruit_GFX::Adafruit_GFX__sub_object(short, short) 0x00004a2d   Thumb Code    42  adafruit_gfx.o(i._ZN12Adafruit_GFXC2Ess)
    LcdController::setFrameBuffer(unsigned)  0x00004a5d   Thumb Code    18  lcdcontroller.o(i._ZN13LcdController14setFrameBufferEj)
    LcdController::getClockDivisor(int)      0x00004a75   Thumb Code    56  lcdcontroller.o(i._ZN13LcdController15getClockDivisorEi)
    LcdController::init(LcdController::Config*) 0x00004ab1   Thumb Code   436  lcdcontroller.o(i._ZN13LcdController4initEPNS_6ConfigE)
    LcdController::open(LcdController::Config*) 0x00004c71   Thumb Code    64  lcdcontroller.o(i._ZN13LcdController4openEPNS_6ConfigE)
    LcdController::Config::Config(int, int, int, int, int, int, int, int, bool, bool, bool, bool, int, LcdController::BitsPerPixel, int, LcdController::LcdPanel, bool) 0x00004cb9   Thumb Code    96  display.o(i._ZN13LcdController6ConfigC1EiiiiiiiibbbbiNS_12BitsPerPixelEiNS_8LcdPanelEb)
    LcdController::Config::Config__sub_object(int, int, int, int, int, int, int, int, bool, bool, bool, bool, int, LcdController::BitsPerPixel, int, LcdController::LcdPanel, bool) 0x00004cb9   Thumb Code     0  display.o(i._ZN13LcdController6ConfigC1EiiiiiiiibbbbiNS_12BitsPerPixelEiNS_8LcdPanelEb)
    LcdController::setPower(bool)            0x00004d19   Thumb Code    62  lcdcontroller.o(i._ZN13LcdController8setPowerEb)
    LcdController::pinConfig()               0x00004d5d   Thumb Code   342  lcdcontroller.o(i._ZN13LcdController9pinConfigEv)
    LcdController::LcdController()           0x00004eb9   Thumb Code     6  lcdcontroller.o(i._ZN13LcdControllerC1Ev)
    LcdController::LcdController__sub_object() 0x00004eb9   Thumb Code     0  lcdcontroller.o(i._ZN13LcdControllerC1Ev)
    EaLcdBoardGPIO::set5VSignal(bool)        0x00004ebf   Thumb Code    32  ealcdboardgpio.o(i._ZN14EaLcdBoardGPIO11set5VSignalEb)
    EaLcdBoardGPIO::set3V3Signal(bool)       0x00004edf   Thumb Code    32  ealcdboardgpio.o(i._ZN14EaLcdBoardGPIO12set3V3SignalEb)
    EaLcdBoardGPIO::setWriteProtect(bool)    0x00004eff   Thumb Code     2  ealcdboardgpio.o(i._ZN14EaLcdBoardGPIO15setWriteProtectEb)
    EaLcdBoardGPIO::setBacklightContrast(unsigned) 0x00004f01   Thumb Code    78  ealcdboardgpio.o(i._ZN14EaLcdBoardGPIO20setBacklightContrastEj)
    EaLcdBoardGPIO::setDisplayEnableSignal(bool) 0x00004f5d   Thumb Code    46  ealcdboardgpio.o(i._ZN14EaLcdBoardGPIO22setDisplayEnableSignalEb)
    EaLcdBoardGPIO::EaLcdBoardGPIO(PinName, PinName) 0x00004f95   Thumb Code   150  ealcdboardgpio.o(i._ZN14EaLcdBoardGPIOC1E7PinNameS0_)
    EaLcdBoardGPIO::EaLcdBoardGPIO__sub_object(PinName, PinName) 0x00004f95   Thumb Code     0  ealcdboardgpio.o(i._ZN14EaLcdBoardGPIOC1E7PinNameS0_)
    mbed::DigitalOut::DigitalOut(PinName)    0x00005031   Thumb Code    26  ealcdboardgpio.o(i._ZN4mbed10DigitalOutC1E7PinName)
    mbed::DigitalOut::DigitalOut__sub_object(PinName) 0x00005031   Thumb Code     0  ealcdboardgpio.o(i._ZN4mbed10DigitalOutC1E7PinName)
    mbed::DigitalOut::operator =(int)        0x0000504d   Thumb Code    64  ealcdboardgpio.o(i._ZN4mbed10DigitalOutaSEi)
    mbed::FileHandle::flen()                 0x000050a9   Thumb Code    58  filelike.o(i._ZN4mbed10FileHandle4flenEv)
    mbed::TimerEvent::irq(unsigned)          0x000050e3   Thumb Code    16  timerevent.o(i._ZN4mbed10TimerEvent3irqEj)
    mbed::TimerEvent::insert(unsigned)       0x000050f3   Thumb Code    20  timerevent.o(i._ZN4mbed10TimerEvent6insertEj)
    mbed::TimerEvent::remove()               0x00005107   Thumb Code    14  timerevent.o(i._ZN4mbed10TimerEvent6removeEv)
    mbed::TimerEvent::TimerEvent__sub_object() 0x00005115   Thumb Code    34  timerevent.o(i._ZN4mbed10TimerEventC2Ev)
    mbed::mbed_set_unbuffered_stream(std::__FILE*) 0x00005141   Thumb Code    14  retarget.o(i._ZN4mbed26mbed_set_unbuffered_streamEPSt6__FILE)
    mbed::I2C::read(int, char*, int, bool)   0x0000514f   Thumb Code    58  i2c.o(i._ZN4mbed3I2C4readEiPcib)
    mbed::I2C::write(int, const char*, int, bool) 0x00005189   Thumb Code    58  i2c.o(i._ZN4mbed3I2C5writeEiPKcib)
    mbed::I2C::aquire()                      0x000051c5   Thumb Code    26  i2c.o(i._ZN4mbed3I2C6aquireEv)
    mbed::I2C::I2C(PinName, PinName)         0x000051e5   Thumb Code    34  i2c.o(i._ZN4mbed3I2CC1E7PinNameS1_)
    mbed::I2C::I2C__sub_object(PinName, PinName) 0x000051e5   Thumb Code     0  i2c.o(i._ZN4mbed3I2CC1E7PinNameS1_)
    mbed::Stream::flen()                     0x00005211   Thumb Code     6  stream.o(i._ZN4mbed6Stream4flenEv)
    mbed::Stream::close()                    0x00005217   Thumb Code     6  stream.o(i._ZN4mbed6Stream5closeEv)
    mbed::Stream::lseek(long, int)           0x0000521d   Thumb Code     6  stream.o(i._ZN4mbed6Stream5lseekEli)
    mbed::Stream::write(const void*, unsigned) 0x00005223   Thumb Code    48  stream.o(i._ZN4mbed6Stream5writeEPKvj)
    mbed::Stream::isatty()                   0x00005253   Thumb Code     6  stream.o(i._ZN4mbed6Stream6isattyEv)
    mbed::Stream::printf(const char*, ...)   0x00005259   Thumb Code    40  stream.o(i._ZN4mbed6Stream6printfEPKcz)
    mbed::Stream::Stream__sub_object(const char*) 0x00005281   Thumb Code    58  stream.o(i._ZN4mbed6StreamC2EPKc)
    mbed::Ticker::setup(unsigned)            0x000052c9   Thumb Code    34  ticker.o(i._ZN4mbed6Ticker5setupEj)
    mbed::Ticker::handler()                  0x000052eb   Thumb Code    56  ticker.o(i._ZN4mbed6Ticker7handlerEv)
    mbed::FileBase::getPathType()            0x00005323   Thumb Code     6  filebase.o(i._ZN4mbed8FileBase11getPathTypeEv)
    mbed::FileBase::lookup(const char*, unsigned) 0x00005329   Thumb Code    52  filebase.o(i._ZN4mbed8FileBase6lookupEPKcj)
    mbed::FileBase::FileBase(const char*, mbed::PathType) 0x00005361   Thumb Code    32  filebase.o(i._ZN4mbed8FileBaseC1EPKcNS_8PathTypeE)
    mbed::FileBase::FileBase__sub_object(const char*, mbed::PathType) 0x00005361   Thumb Code     0  filebase.o(i._ZN4mbed8FileBaseC1EPKcNS_8PathTypeE)
    mbed::FileLike::FileLike__sub_object(const char*) 0x00005389   Thumb Code    34  filelike.o(i._ZN4mbed8FileLikeC2EPKc)
    mbed::FilePath::fileSystem()             0x000053b5   Thumb Code    20  filepath.o(i._ZN4mbed8FilePath10fileSystemEv)
    mbed::FilePath::isFileSystem()           0x000053c9   Thumb Code    28  filepath.o(i._ZN4mbed8FilePath12isFileSystemEv)
    mbed::FilePath::file()                   0x000053e5   Thumb Code    30  filepath.o(i._ZN4mbed8FilePath4fileEv)
    mbed::FilePath::exists()                 0x00005403   Thumb Code    14  filepath.o(i._ZN4mbed8FilePath6existsEv)
    mbed::FilePath::isFile()                 0x00005411   Thumb Code    28  filepath.o(i._ZN4mbed8FilePath6isFileEv)
    mbed::FilePath::fileName()               0x0000542d   Thumb Code     6  filepath.o(i._ZN4mbed8FilePath8fileNameEv)
    mbed::FilePath::FilePath(const char*)    0x00005433   Thumb Code    86  filepath.o(i._ZN4mbed8FilePathC1EPKc)
    mbed::FilePath::FilePath__sub_object(const char*) 0x00005433   Thumb Code     0  filepath.o(i._ZN4mbed8FilePathC1EPKc)
    mbed::DigitalIn::read()                  0x00005489   Thumb Code    48  main.o(i._ZN4mbed9DigitalIn4readEv)
    mbed::DigitalIn::DigitalIn(PinName)      0x000054d5   Thumb Code    26  main.o(i._ZN4mbed9DigitalInC1E7PinName)
    mbed::DigitalIn::DigitalIn__sub_object(PinName) 0x000054d5   Thumb Code     0  main.o(i._ZN4mbed9DigitalInC1E7PinName)
    GFXFb::fillScreen(unsigned short)        0x000054ef   Thumb Code    38  gfxfb.o(i._ZN5GFXFb10fillScreenEt)
    GFXFb::drawFastHLine(short, short, short, unsigned short) 0x00005515   Thumb Code    98  gfxfb.o(i._ZN5GFXFb13drawFastHLineEssst)
    GFXFb::drawFastVLine(short, short, short, unsigned short) 0x00005577   Thumb Code   104  gfxfb.o(i._ZN5GFXFb13drawFastVLineEssst)
    GFXFb::drawPixel(short, short, unsigned short) 0x000055df   Thumb Code    70  gfxfb.o(i._ZN5GFXFb9drawPixelEsst)
    GFXFb::GFXFb(unsigned short, unsigned short, unsigned short*) 0x00005625   Thumb Code    36  gfxfb.o(i._ZN5GFXFbC1EttPt)
    GFXFb::GFXFb__sub_object(unsigned short, unsigned short, unsigned short*) 0x00005625   Thumb Code     0  gfxfb.o(i._ZN5GFXFbC1EttPt)
    Display::theDisplay()                    0x0000564d   Thumb Code    50  display.o(i._ZN7Display10theDisplayEv)
    Display::_putc(int)                      0x00005689   Thumb Code    20  display.o(i._ZN7Display5_putcEi)
    Display::Display()                       0x0000569d   Thumb Code   272  display.o(i._ZN7DisplayC1Ev)
    Display::Display__sub_object()           0x0000569d   Thumb Code     0  display.o(i._ZN7DisplayC1Ev)
    operator new(unsigned)                   0x000057ed   Thumb Code    34  new.o(i._Znwj)
    __ARM_fpclassify                         0x00005815   Thumb Code    48  fpclassify.o(i.__ARM_fpclassify)
    __cxa_guard_acquire                      0x00005845   Thumb Code    16  cxa_guard_acquire.o(i.__cxa_guard_acquire)
    __cxa_pure_virtual                       0x00005855   Thumb Code     6  pure_virt.o(i.__cxa_pure_virtual)
    __reserved_stack_size                    0x0000585b   Thumb Code     6  sdram.o(i.__reserved_stack_size)
    __rt_heap_extend                         0x00005861   Thumb Code    54  sdram.o(i.__rt_heap_extend)
    __user_setup_stackheap                   0x000058fd   Thumb Code    42  sys.o(i.__user_setup_stackheap)
    _is_digit                                0x00005987   Thumb Code    14  __printf_wp.o(i._is_digit)
    _sys_close                               0x00005995   Thumb Code    44  retarget.o(i._sys_close)
    _sys_flen                                0x000059c5   Thumb Code    38  retarget.o(i._sys_flen)
    _sys_istty                               0x000059f1   Thumb Code    38  retarget.o(i._sys_istty)
    _sys_open                                0x00005a1d   Thumb Code   284  retarget.o(i._sys_open)
    _sys_seek                                0x00005b4d   Thumb Code    44  retarget.o(i._sys_seek)
    _sys_write                               0x00005b7d   Thumb Code    88  retarget.o(i._sys_write)
    analogin_init                            0x00005c6d   Thumb Code   120  analogin_api.o(i.analogin_init)
    analogin_read                            0x00005d19   Thumb Code    36  analogin_api.o(i.analogin_read)
    error                                    0x00005d41   Thumb Code    28  error.o(i.error)
    exit                                     0x00005d61   Thumb Code    24  retarget.o(i.exit)
    fpu_init                                 0x00005d81   Thumb Code    62  system_lpc407x_8x_177x_8x.o(i.fpu_init)
    fputc                                    0x00005dd1   Thumb Code    26  fputc.o(i.fputc)
    get_us_ticker_data                       0x00005ded   Thumb Code     4  us_ticker_api.o(i.get_us_ticker_data)
    gpio_dir                                 0x00005df5   Thumb Code    68  gpio_api.o(i.gpio_dir)
    gpio_init                                0x00005e85   Thumb Code    50  gpio_api.o(i.gpio_init)
    gpio_init_in                             0x00005ebd   Thumb Code    18  gpio.o(i.gpio_init_in)
    gpio_init_in_ex                          0x00005ecf   Thumb Code    20  gpio.o(i.gpio_init_in_ex)
    gpio_init_out                            0x00005ee3   Thumb Code    18  gpio.o(i.gpio_init_out)
    gpio_init_out_ex                         0x00005ef5   Thumb Code    22  gpio.o(i.gpio_init_out_ex)
    gpio_mode                                0x00005f0b   Thumb Code    18  gpio_api.o(i.gpio_mode)
    gpio_set                                 0x00005f1d   Thumb Code    40  gpio_api.o(i.gpio_set)
    i2c_frequency                            0x00006131   Thumb Code    22  i2c_api.o(i.i2c_frequency)
    i2c_init                                 0x0000614d   Thumb Code   218  i2c_api.o(i.i2c_init)
    i2c_read                                 0x00006291   Thumb Code   176  i2c_api.o(i.i2c_read)
    i2c_start                                0x00006341   Thumb Code    72  i2c_api.o(i.i2c_start)
    i2c_stop                                 0x00006391   Thumb Code    58  i2c_api.o(i.i2c_stop)
    i2c_write                                0x000063f9   Thumb Code   130  i2c_api.o(i.i2c_write)
    $Super$$main                             0x0000647d   Thumb Code   370  main.o(i.main)
    mbed_assert_internal                     0x00006655   Thumb Code    22  assert.o(i.mbed_assert_internal)
    mbed_die                                 0x000066a1   Thumb Code   116  board.o(i.mbed_die)
    mbed_main                                0x00006715   Thumb Code     2  retarget.o(i.mbed_main)
    mbed_sdk_init                            0x00006717   Thumb Code     2  retarget.o(i.mbed_sdk_init)
    pin_function                             0x0000672d   Thumb Code    42  pinmap.o(i.pin_function)
    pin_mode                                 0x000067a1   Thumb Code    66  pinmap.o(i.pin_mode)
    pinmap_find_peripheral                   0x0000682d   Thumb Code    32  pinmap_common.o(i.pinmap_find_peripheral)
    pinmap_merge                             0x0000684d   Thumb Code    42  pinmap_common.o(i.pinmap_merge)
    pinmap_peripheral                        0x0000688d   Thumb Code    44  pinmap_common.o(i.pinmap_peripheral)
    pinmap_pinout                            0x000068d9   Thumb Code    62  pinmap_common.o(i.pinmap_pinout)
    pwmout_init                              0x0000692d   Thumb Code   184  pwmout_api.o(i.pwmout_init)
    pwmout_period_ms                         0x00006a21   Thumb Code    22  pwmout_api.o(i.pwmout_period_ms)
    pwmout_period_us                         0x00006a39   Thumb Code    64  pwmout_api.o(i.pwmout_period_us)
    pwmout_write                             0x00006a7d   Thumb Code   100  pwmout_api.o(i.pwmout_write)
    serial_baud                              0x00006ae5   Thumb Code   320  serial_api.o(i.serial_baud)
    serial_format                            0x00006c29   Thumb Code   168  serial_api.o(i.serial_format)
    serial_init                              0x00006d25   Thumb Code   378  serial_api.o(i.serial_init)
    serial_putc                              0x00006ed1   Thumb Code    24  serial_api.o(i.serial_putc)
    serial_writable                          0x00006ee9   Thumb Code    12  serial_api.o(i.serial_writable)
    ticker_insert_event                      0x00006ef5   Thumb Code    80  ticker_api.o(i.ticker_insert_event)
    ticker_irq_handler                       0x00006f45   Thumb Code    90  ticker_api.o(i.ticker_irq_handler)
    ticker_read                              0x00006f9f   Thumb Code    12  ticker_api.o(i.ticker_read)
    ticker_remove_event                      0x00006fab   Thumb Code    82  ticker_api.o(i.ticker_remove_event)
    ticker_set_handler                       0x00006ffd   Thumb Code    18  ticker_api.o(i.ticker_set_handler)
    us_ticker_clear_interrupt                0x00007011   Thumb Code     8  us_ticker.o(i.us_ticker_clear_interrupt)
    us_ticker_disable_interrupt              0x0000701d   Thumb Code    14  us_ticker.o(i.us_ticker_disable_interrupt)
    us_ticker_init                           0x00007031   Thumb Code    92  us_ticker.o(i.us_ticker_init)
    us_ticker_irq_handler                    0x000070a5   Thumb Code    10  us_ticker_api.o(i.us_ticker_irq_handler)
    us_ticker_read                           0x000070b5   Thumb Code    18  us_ticker.o(i.us_ticker_read)
    us_ticker_set_interrupt                  0x000070d1   Thumb Code    16  us_ticker.o(i.us_ticker_set_interrupt)
    wait                                     0x000070e5   Thumb Code    36  wait_api.o(i.wait)
    wait_ms                                  0x0000710d   Thumb Code    18  wait_api.o(i.wait_ms)
    wait_us                                  0x0000711f   Thumb Code    24  wait_api.o(i.wait_us)
    _get_lc_numeric                          0x00007139   Thumb Code    44  lc_numeric_c.o(locale$$code)
    _get_lc_ctype                            0x00007165   Thumb Code    44  lc_ctype_c.o(locale$$code)
    mbed::FunctionPointerArg1<void, void>::attach(void(*)()) 0x00007191   Thumb Code     8  main.o(t._ZN4mbed19FunctionPointerArg1IvvE6attachEPFvvE)
    __aeabi_dadd                             0x00007199   Thumb Code     0  daddsub_clz.o(x$fpl$dadd)
    _dadd                                    0x00007199   Thumb Code   332  daddsub_clz.o(x$fpl$dadd)
    __fpl_dcmp_Inf                           0x000072e9   Thumb Code    24  dcmpi.o(x$fpl$dcmpinf)
    __aeabi_i2d                              0x00007301   Thumb Code     0  dflt_clz.o(x$fpl$dflt)
    _dflt                                    0x00007301   Thumb Code    46  dflt_clz.o(x$fpl$dflt)
    __aeabi_cdcmple                          0x00007331   Thumb Code     0  dleqf.o(x$fpl$dleqf)
    _dcmple                                  0x00007331   Thumb Code   120  dleqf.o(x$fpl$dleqf)
    __fpl_dcmple_InfNaN                      0x00007393   Thumb Code     0  dleqf.o(x$fpl$dleqf)
    __aeabi_dmul                             0x000073a9   Thumb Code     0  dmul.o(x$fpl$dmul)
    _dmul                                    0x000073a9   Thumb Code   332  dmul.o(x$fpl$dmul)
    __fpl_dnaninf                            0x000074fd   Thumb Code   156  dnaninf.o(x$fpl$dnaninf)
    __fpl_dretinf                            0x00007599   Thumb Code    12  dretinf.o(x$fpl$dretinf)
    __aeabi_cdrcmple                         0x000075a5   Thumb Code     0  drleqf.o(x$fpl$drleqf)
    _drcmple                                 0x000075a5   Thumb Code   108  drleqf.o(x$fpl$drleqf)
    __aeabi_dsub                             0x00007611   Thumb Code     0  daddsub_clz.o(x$fpl$dsub)
    _dsub                                    0x00007611   Thumb Code   464  daddsub_clz.o(x$fpl$dsub)
    _fp_init                                 0x000077e5   Thumb Code    10  fpinit.o(x$fpl$fpinit)
    __fplib_config_fpu_vfp                   0x000077ed   Thumb Code     0  fpinit.o(x$fpl$fpinit)
    __fplib_config_pureend_doubles           0x000077ed   Thumb Code     0  fpinit.o(x$fpl$fpinit)
    _printf_fp_dec                           0x000077ef   Thumb Code     4  printf1.o(x$fpl$printf1)
    _printf_fp_hex                           0x000077f3   Thumb Code     4  printf2.o(x$fpl$printf2)
    __I$use$fp                               0x000077f6   Number         0  usenofp.o(x$fpl$usenofp)
    __stdin_name                             0x00007d7c   Data           7  retarget.o(.constdata)
    __stdout_name                            0x00007d83   Data           8  retarget.o(.constdata)
    __stderr_name                            0x00007d8b   Data           8  retarget.o(.constdata)
    vtable for EaLcdBoard                    0x00008278   Data          28  ealcdboard.o(.constdata__ZTV10EaLcdBoard)
    vtable for Adafruit_GFX                  0x00008294   Data          44  adafruit_gfx.o(.constdata__ZTV12Adafruit_GFX)
    vtable for EaLcdBoardGPIO                0x000082c0   Data          28  ealcdboardgpio.o(.constdata__ZTV14EaLcdBoardGPIO)
    vtable for GFXFb                         0x000082dc   Data          44  gfxfb.o(.constdata__ZTV5GFXFb)
    vtable for Display                       0x00008308   Data         112  display.o(.constdata__ZTV7Display)
    vtable for mbed::FileHandle              0x00008378   Data          44  retarget.o(.constdata__ZTVN4mbed10FileHandleE)
    vtable for mbed::TimerEvent              0x000083a4   Data          20  timerevent.o(.constdata__ZTVN4mbed10TimerEventE)
    vtable for mbed::Stream                  0x000083b8   Data          68  stream.o(.constdata__ZTVN4mbed6StreamE)
    vtable for mbed::Ticker                  0x000083fc   Data          20  ticker.o(.constdata__ZTVN4mbed6TickerE)
    vtable for mbed::FileBase                0x00008410   Data          16  filebase.o(.constdata__ZTVN4mbed8FileBaseE)
    vtable for mbed::FileLike                0x00008420   Data          60  filelike.o(.constdata__ZTVN4mbed8FileLikeE)
    Region$$Table$$Base                      0x000085f4   Number         0  anon$$obj.o(Region$$Table)
    Region$$Table$$Limit                     0x00008614   Number         0  anon$$obj.o(Region$$Table)
    __ctype                                  0x0000863d   Data           0  lc_ctype_c.o(locale$$data)
    SHT$$INIT_ARRAY$$Base                    0x00008740   Number         0  main.o(.init_array)
    SHT$$INIT_ARRAY$$Limit                   0x00008744   Number         0  init_aeabi.o(.init_array)
    pot                                      0x100000e8   Data           1  main.o(.data)
    screen                                   0x100000ec   Data           4  main.o(.data)
    tickCt                                   0x100000f0   Data           4  main.o(.data)
    mt                                       0x100000f4   Data           1  main.o(.data)
    scoreDoubble                             0x100000f5   Data           1  main.o(.data)
    SystemCoreClock                          0x1000010c   Data           4  system_lpc407x_8x_177x_8x.o(.data)
    PeripheralClock                          0x10000110   Data           4  system_lpc407x_8x_177x_8x.o(.data)
    EMCClock                                 0x10000114   Data           4  system_lpc407x_8x_177x_8x.o(.data)
    USBClock                                 0x10000118   Data           4  system_lpc407x_8x_177x_8x.o(.data)
    us_ticker_inited                         0x1000012c   Data           4  us_ticker.o(.data)
    mbed::FileBase::_head                    0x10000140   Data           4  filebase.o(.data)
    mbed::I2C::_owner                        0x10000144   Data           4  i2c.o(.data)
    stdio_uart_inited                        0x10000150   Data           4  serial_api.o(.data)
    stdio_uart                               0x10000154   Data           8  serial_api.o(.data)
    LcdController::_lcdControllerUsed        0x1000015c   Data           1  lcdcontroller.o(.data)
    __aeabi_stdin                            0x10000160   Data           4  stdio_streams.o(.data)
    __aeabi_stdout                           0x10000164   Data           4  stdio_streams.o(.data)
    __aeabi_stderr                           0x10000168   Data           4  stdio_streams.o(.data)
    __stdin                                  0x10000624   Data          84  stdio_streams.o(.bss)
    __stdout                                 0x10000678   Data          84  stdio_streams.o(.bss)
    __stderr                                 0x100006cc   Data          84  stdio_streams.o(.bss)
    _random_number_data                      0x10000720   Data         228  rand.o(.bss)
    Image$$RW_IRAM1$$ZI$$Limit               0x10000828   Number         0  anon$$obj.o ABSOLUTE



==============================================================================

Memory Map of the image

  Image Entry point : 0x000000e5

  Load Region LR_IROM1 (Base: 0x00000000, Size: 0x000087c8, Max: 0x00080000, ABSOLUTE)

    Execution Region ER_IROM1 (Base: 0x00000000, Size: 0x00008744, Max: 0x00080000, ABSOLUTE)

    Base Addr    Size         Type   Attr      Idx    E Section Name        Object

    0x00000000   0x000000e4   Data   RO          500    RESET               startup_lpc407x_8x_177x_8x.o
    0x000000e4   0x00000008   Code   RO         4165  * !!!main             c_w.l(__main.o)
    0x000000ec   0x00000034   Code   RO         4899    !!!scatter          c_w.l(__scatter.o)
    0x00000120   0x0000001a   Code   RO         4901    !!handler_copy      c_w.l(__scatter_copy.o)
    0x0000013a   0x00000002   PAD
    0x0000013c   0x0000001c   Code   RO         4903    !!handler_zi        c_w.l(__scatter_zi.o)
    0x00000158   0x00000000   Code   RO         4103    .ARM.Collect$$_printf_percent$$00000000  c_w.l(_printf_percent.o)
    0x00000158   0x00000006   Code   RO         4377    .ARM.Collect$$_printf_percent$$00000001  c_w.l(_printf_n.o)
    0x0000015e   0x00000006   Code   RO         4102    .ARM.Collect$$_printf_percent$$00000002  c_w.l(_printf_p.o)
    0x00000164   0x00000006   Code   RO         4383    .ARM.Collect$$_printf_percent$$00000003  c_w.l(_printf_f.o)
    0x0000016a   0x00000006   Code   RO         4384    .ARM.Collect$$_printf_percent$$00000004  c_w.l(_printf_e.o)
    0x00000170   0x00000006   Code   RO         4385    .ARM.Collect$$_printf_percent$$00000005  c_w.l(_printf_g.o)
    0x00000176   0x00000006   Code   RO         4386    .ARM.Collect$$_printf_percent$$00000006  c_w.l(_printf_a.o)
    0x0000017c   0x0000000a   Code   RO         4391    .ARM.Collect$$_printf_percent$$00000007  c_w.l(_printf_ll.o)
    0x00000186   0x00000006   Code   RO         4380    .ARM.Collect$$_printf_percent$$00000008  c_w.l(_printf_i.o)
    0x0000018c   0x00000006   Code   RO         4381    .ARM.Collect$$_printf_percent$$00000009  c_w.l(_printf_d.o)
    0x00000192   0x00000006   Code   RO         4382    .ARM.Collect$$_printf_percent$$0000000A  c_w.l(_printf_u.o)
    0x00000198   0x00000006   Code   RO         4379    .ARM.Collect$$_printf_percent$$0000000B  c_w.l(_printf_o.o)
    0x0000019e   0x00000006   Code   RO         4378    .ARM.Collect$$_printf_percent$$0000000C  c_w.l(_printf_x.o)
    0x000001a4   0x00000006   Code   RO         4388    .ARM.Collect$$_printf_percent$$0000000D  c_w.l(_printf_lli.o)
    0x000001aa   0x00000006   Code   RO         4389    .ARM.Collect$$_printf_percent$$0000000E  c_w.l(_printf_lld.o)
    0x000001b0   0x00000006   Code   RO         4390    .ARM.Collect$$_printf_percent$$0000000F  c_w.l(_printf_llu.o)
    0x000001b6   0x00000006   Code   RO         4395    .ARM.Collect$$_printf_percent$$00000010  c_w.l(_printf_llo.o)
    0x000001bc   0x00000006   Code   RO         4396    .ARM.Collect$$_printf_percent$$00000011  c_w.l(_printf_llx.o)
    0x000001c2   0x0000000a   Code   RO         4392    .ARM.Collect$$_printf_percent$$00000012  c_w.l(_printf_l.o)
    0x000001cc   0x00000006   Code   RO         4375    .ARM.Collect$$_printf_percent$$00000013  c_w.l(_printf_c.o)
    0x000001d2   0x00000006   Code   RO         4376    .ARM.Collect$$_printf_percent$$00000014  c_w.l(_printf_s.o)
    0x000001d8   0x00000006   Code   RO         4393    .ARM.Collect$$_printf_percent$$00000015  c_w.l(_printf_lc.o)
    0x000001de   0x00000006   Code   RO         4394    .ARM.Collect$$_printf_percent$$00000016  c_w.l(_printf_ls.o)
    0x000001e4   0x00000004   Code   RO         4387    .ARM.Collect$$_printf_percent$$00000017  c_w.l(_printf_percent_end.o)
    0x000001e8   0x00000002   Code   RO         4767    .ARM.Collect$$libinit$$00000000  c_w.l(libinit.o)
    0x000001ea   0x00000004   Code   RO         4444    .ARM.Collect$$libinit$$00000001  c_w.l(libinit2.o)
    0x000001ee   0x00000000   Code   RO         4447    .ARM.Collect$$libinit$$00000004  c_w.l(libinit2.o)
    0x000001ee   0x00000008   Code   RO         4448    .ARM.Collect$$libinit$$00000005  c_w.l(libinit2.o)
    0x000001f6   0x00000000   Code   RO         4450    .ARM.Collect$$libinit$$0000000A  c_w.l(libinit2.o)
    0x000001f6   0x00000000   Code   RO         4452    .ARM.Collect$$libinit$$0000000C  c_w.l(libinit2.o)
    0x000001f6   0x00000004   Code   RO         4453    .ARM.Collect$$libinit$$0000000D  c_w.l(libinit2.o)
    0x000001fa   0x00000000   Code   RO         4454    .ARM.Collect$$libinit$$0000000E  c_w.l(libinit2.o)
    0x000001fa   0x00000006   Code   RO         4455    .ARM.Collect$$libinit$$0000000F  c_w.l(libinit2.o)
    0x00000200   0x00000000   Code   RO         4457    .ARM.Collect$$libinit$$00000011  c_w.l(libinit2.o)
    0x00000200   0x0000000c   Code   RO         4458    .ARM.Collect$$libinit$$00000012  c_w.l(libinit2.o)
    0x0000020c   0x00000000   Code   RO         4459    .ARM.Collect$$libinit$$00000013  c_w.l(libinit2.o)
    0x0000020c   0x00000000   Code   RO         4461    .ARM.Collect$$libinit$$00000015  c_w.l(libinit2.o)
    0x0000020c   0x0000000a   Code   RO         4462    .ARM.Collect$$libinit$$00000016  c_w.l(libinit2.o)
    0x00000216   0x00000000   Code   RO         4463    .ARM.Collect$$libinit$$00000017  c_w.l(libinit2.o)
    0x00000216   0x00000000   Code   RO         4465    .ARM.Collect$$libinit$$00000019  c_w.l(libinit2.o)
    0x00000216   0x00000000   Code   RO         4467    .ARM.Collect$$libinit$$0000001B  c_w.l(libinit2.o)
    0x00000216   0x00000000   Code   RO         4469    .ARM.Collect$$libinit$$0000001D  c_w.l(libinit2.o)
    0x00000216   0x00000000   Code   RO         4471    .ARM.Collect$$libinit$$0000001F  c_w.l(libinit2.o)
    0x00000216   0x00000000   Code   RO         4473    .ARM.Collect$$libinit$$00000021  c_w.l(libinit2.o)
    0x00000216   0x00000000   Code   RO         4475    .ARM.Collect$$libinit$$00000023  c_w.l(libinit2.o)
    0x00000216   0x00000004   Code   RO         4476    .ARM.Collect$$libinit$$00000024  c_w.l(libinit2.o)
    0x0000021a   0x00000000   Code   RO         4477    .ARM.Collect$$libinit$$00000025  c_w.l(libinit2.o)
    0x0000021a   0x00000000   Code   RO         4481    .ARM.Collect$$libinit$$0000002C  c_w.l(libinit2.o)
    0x0000021a   0x00000000   Code   RO         4483    .ARM.Collect$$libinit$$0000002E  c_w.l(libinit2.o)
    0x0000021a   0x00000000   Code   RO         4485    .ARM.Collect$$libinit$$00000030  c_w.l(libinit2.o)
    0x0000021a   0x00000004   Code   RO         4486    .ARM.Collect$$libinit$$00000031  c_w.l(libinit2.o)
    0x0000021e   0x00000000   Code   RO         4487    .ARM.Collect$$libinit$$00000032  c_w.l(libinit2.o)
    0x0000021e   0x00000002   Code   RO         4488    .ARM.Collect$$libinit$$00000033  c_w.l(libinit2.o)
    0x00000220   0x00000000   Code   RO         4651    .ARM.Collect$$libshutdown$$00000004  c_w.l(libshutdown2.o)
    0x00000220   0x00000000   Code   RO         4315    .ARM.Collect$$rtentry$$00000000  c_w.l(__rtentry.o)
    0x00000220   0x00000000   Code   RO         4546    .ARM.Collect$$rtentry$$00000002  c_w.l(__rtentry2.o)
    0x00000220   0x00000006   Code   RO         4558    .ARM.Collect$$rtentry$$00000004  c_w.l(__rtentry4.o)
    0x00000226   0x00000000   Code   RO         4548    .ARM.Collect$$rtentry$$00000009  c_w.l(__rtentry2.o)
    0x00000226   0x00000004   Code   RO         4549    .ARM.Collect$$rtentry$$0000000A  c_w.l(__rtentry2.o)
    0x0000022a   0x00000000   Code   RO         4551    .ARM.Collect$$rtentry$$0000000C  c_w.l(__rtentry2.o)
    0x0000022a   0x00000008   Code   RO         4552    .ARM.Collect$$rtentry$$0000000D  c_w.l(__rtentry2.o)
    0x00000232   0x00000002   PAD
    0x00000234   0x00000034   Code   RO         4146    .emb_text           c_w.l(rand.o)
    0x00000268   0x00000000   Code   RO         4564    .emb_text           c_w.l(maybetermalloc1.o)
    0x00000268   0x00000024   Code   RO          502    .text               startup_lpc407x_8x_177x_8x.o
    0x0000028c   0x0000005e   Code   RO         3993    .text               c_w.l(h1_alloc.o)
    0x000002ea   0x0000000a   Code   RO         4051    .text               c_w.l(vfprintf.o)
    0x000002f4   0x00000008   Code   RO         4316    .text               c_w.l(rt_heap_descriptor.o)
    0x000002fc   0x00000004   Code   RO          501    .ARM.__at_0x02FC    startup_lpc407x_8x_177x_8x.o
    0x00000300   0x0000004e   Code   RO         3995    .text               c_w.l(h1_free.o)
    0x0000034e   0x0000000a   Code   RO         4053    .text               c_w.l(c89vfprintf.o)
    0x00000358   0x0000002c   Code   RO         4055    .text               c_w.l(__2sprintf.o)
    0x00000384   0x00000094   Code   RO         4079    .text               c_w.l(_printf_hex_int_ll_ptr.o)
    0x00000418   0x00000188   Code   RO         4099    .text               c_w.l(__printf_flags_ss_wp.o)
    0x000005a0   0x0000003c   Code   RO         4106    .text               c_w.l(__0sscanf.o)
    0x000005dc   0x0000014c   Code   RO         4108    .text               c_w.l(_scanf_int.o)
    0x00000728   0x00000064   Code   RO         4110    .text               c_w.l(fflush.o)
    0x0000078c   0x000000ec   Code   RO         4124    .text               c_w.l(fopen.o)
    0x00000878   0x00000014   Code   RO         4126    .text               c_w.l(setbuf.o)
    0x0000088c   0x0000004c   Code   RO         4134    .text               c_w.l(fclose.o)
    0x000008d8   0x0000003c   Code   RO         4147    .text               c_w.l(rand.o)
    0x00000914   0x0000003e   Code   RO         4151    .text               c_w.l(strlen.o)
    0x00000952   0x00000096   Code   RO         4153    .text               c_w.l(strncmp.o)
    0x000009e8   0x00000044   Code   RO         4157    .text               c_w.l(rt_memclr.o)
    0x00000a2c   0x0000004e   Code   RO         4159    .text               c_w.l(rt_memclr_w.o)
    0x00000a7a   0x00000002   PAD
    0x00000a7c   0x00000080   Code   RO         4163    .text               c_w.l(strcmpv7m.o)
    0x00000afc   0x00000024   Code   RO         4170    .text               c_w.l(init_aeabi.o)
    0x00000b20   0x00000008   Code   RO         4321    .text               c_w.l(rt_new_handler_addr.o)
    0x00000b28   0x00000004   Code   RO         4326    .text               c_w.l(hguard.o)
    0x00000b2c   0x0000008a   Code   RO         4328    .text               c_w.l(init_alloc.o)
    0x00000bb6   0x0000000e   Code   RO         4332    .text               c_w.l(h1_init.o)
    0x00000bc4   0x0000004e   Code   RO         4346    .text               c_w.l(_printf_pad.o)
    0x00000c12   0x00000024   Code   RO         4348    .text               c_w.l(_printf_truncate.o)
    0x00000c36   0x00000052   Code   RO         4350    .text               c_w.l(_printf_str.o)
    0x00000c88   0x000000b2   Code   RO         4352    .text               c_w.l(_printf_intcommon.o)
    0x00000d3a   0x00000002   PAD
    0x00000d3c   0x00000078   Code   RO         4354    .text               c_w.l(_printf_dec.o)
    0x00000db4   0x00000028   Code   RO         4356    .text               c_w.l(_printf_charcount.o)
    0x00000ddc   0x00000030   Code   RO         4358    .text               c_w.l(_printf_char_common.o)
    0x00000e0c   0x0000000a   Code   RO         4360    .text               c_w.l(_sputc.o)
    0x00000e16   0x00000002   PAD
    0x00000e18   0x00000024   Code   RO         4362    .text               c_w.l(_printf_char_file.o)
    0x00000e3c   0x000000bc   Code   RO         4364    .text               c_w.l(_printf_wctomb.o)
    0x00000ef8   0x0000007c   Code   RO         4367    .text               c_w.l(_printf_longlong_dec.o)
    0x00000f74   0x00000070   Code   RO         4373    .text               c_w.l(_printf_oct_int_ll.o)
    0x00000fe4   0x0000001c   Code   RO         4397    .text               c_w.l(_chval.o)
    0x00001000   0x0000002c   Code   RO         4403    .text               c_w.l(scanf_char.o)
    0x0000102c   0x00000040   Code   RO         4405    .text               c_w.l(_sgetc.o)
    0x0000106c   0x00000008   Code   RO         4415    .text               c_w.l(ferror.o)
    0x00001074   0x000001d6   Code   RO         4419    .text               c_w.l(flsbuf.o)
    0x0000124a   0x00000002   PAD
    0x0000124c   0x000000f8   Code   RO         4421    .text               c_w.l(fseek.o)
    0x00001344   0x00000046   Code   RO         4423    .text               c_w.l(setvbuf.o)
    0x0000138a   0x00000002   PAD
    0x0000138c   0x000000f0   Code   RO         4425    .text               c_w.l(stdio.o)
    0x0000147c   0x00000138   Code   RO         4428    .text               c_w.l(initio.o)
    0x000015b4   0x0000000e   Code   RO         4436    .text               c_w.l(defsig_pvfn_outer.o)
    0x000015c2   0x00000004   Code   RO         4496    .text               cpprt_w.l(arm_newhandler_noexceptions.o)
    0x000015c6   0x00000034   Code   RO         4566    .text               c_w.l(h1_extend.o)
    0x000015fa   0x0000008a   Code   RO         4570    .text               c_w.l(lludiv10.o)
    0x00001684   0x00000012   Code   RO         4572    .text               c_w.l(isspace.o)
    0x00001696   0x0000041a   Code   RO         4574    .text               c_w.l(_printf_fp_dec.o)
    0x00001ab0   0x000002fc   Code   RO         4576    .text               c_w.l(_printf_fp_hex.o)
    0x00001dac   0x0000002c   Code   RO         4581    .text               c_w.l(_printf_char.o)
    0x00001dd8   0x0000002c   Code   RO         4585    .text               c_w.l(_printf_wchar.o)
    0x00001e04   0x00000374   Code   RO         4587    .text               c_w.l(_scanf.o)
    0x00002178   0x00000042   Code   RO         4597    .text               c_w.l(ftell.o)
    0x000021ba   0x00000040   Code   RO         4623    .text               c_w.l(_wcrtomb.o)
    0x000021fa   0x0000000a   Code   RO         4625    .text               c_w.l(defsig_exit.o)
    0x00002204   0x0000000e   Code   RO         4627    .text               c_w.l(defsig_rtred_outer.o)
    0x00002212   0x0000000e   Code   RO         4631    .text               c_w.l(defsig_rtmem_outer.o)
    0x00002220   0x00000030   Code   RO         4635    .text               c_w.l(defsig_pvfn_inner.o)
    0x00002250   0x00000008   Code   RO         4644    .text               c_w.l(heapauxmm.o)
    0x00002258   0x0000001a   Code   RO         4684    .text               cpprt_w.l(arm_exceptions_terminate.o)
    0x00002272   0x00000002   PAD
    0x00002274   0x00000050   Code   RO         4687    .text               cpprt_w.l(arm_exceptions_globs.o)
    0x000022c4   0x0000000c   Code   RO         4695    .text               c_w.l(sys_exit.o)
    0x000022d0   0x00000010   Code   RO         4697    .text               c_w.l(rt_ctype_table.o)
    0x000022e0   0x00000008   Code   RO         4699    .text               c_w.l(rt_locale.o)
    0x000022e8   0x00000008   Code   RO         4704    .text               c_w.l(rt_eh_globals_addr.o)
    0x000022f0   0x00000008   Code   RO         4709    .text               c_w.l(rt_errno_addr.o)
    0x000022f8   0x00000080   Code   RO         4716    .text               c_w.l(_printf_fp_infnan.o)
    0x00002378   0x000000dc   Code   RO         4718    .text               c_w.l(bigflt0.o)
    0x00002454   0x00000016   Code   RO         4748    .text               c_w.l(abort.o)
    0x0000246a   0x00000032   Code   RO         4752    .text               c_w.l(defsig_general.o)
    0x0000249c   0x00000034   Code   RO         4754    .text               c_w.l(defsig_rtred_inner.o)
    0x000024d0   0x00000050   Code   RO         4756    .text               c_w.l(defsig_rtmem_inner.o)
    0x00002520   0x0000003c   Code   RO         4771    .text               cpprt_w.l(arm_exceptions_mem.o)
    0x0000255c   0x0000000e   Code   RO         4802    .text               c_w.l(sys_wrch.o)
    0x0000256a   0x00000002   Code   RO         4804    .text               c_w.l(use_no_semi.o)
    0x0000256c   0x00000000   Code   RO         4806    .text               c_w.l(indicate_semi.o)
    0x0000256c   0x0000000e   Code   RO         4822    .text               c_w.l(defsig_abrt_outer.o)
    0x0000257a   0x00000002   PAD
    0x0000257c   0x00000030   Code   RO         4840    .text               c_w.l(defsig_abrt_inner.o)
    0x000025ac   0x0000003e   Code   RO         4721    CL$$btod_d2e        c_w.l(btod.o)
    0x000025ea   0x00000046   Code   RO         4723    CL$$btod_d2e_denorm_low  c_w.l(btod.o)
    0x00002630   0x00000060   Code   RO         4722    CL$$btod_d2e_norm_op1  c_w.l(btod.o)
    0x00002690   0x00000338   Code   RO         4731    CL$$btod_div_common  c_w.l(btod.o)
    0x000029c8   0x000000c6   Code   RO         4728    CL$$btod_e2e        c_w.l(btod.o)
    0x00002a8e   0x00000028   Code   RO         4725    CL$$btod_ediv       c_w.l(btod.o)
    0x00002ab6   0x00000028   Code   RO         4724    CL$$btod_emul       c_w.l(btod.o)
    0x00002ade   0x00000244   Code   RO         4730    CL$$btod_mult_common  c_w.l(btod.o)
    0x00002d22   0x00000010   Code   RO         2222    i.$Sub$$main        mbed.lib(retarget.o)
    0x00002d32   0x00000002   PAD
    0x00002d34   0x00000040   Code   RO          511    i.NVIC_SetVector    cmsis_nvic.o
    0x00002d74   0x000002d4   Code   RO          566    i.SystemCoreClockUpdate  system_lpc407x_8x_177x_8x.o
    0x00003048   0x000000ec   Code   RO          567    i.SystemInit        system_lpc407x_8x_177x_8x.o
    0x00003134   0x0000007c   Code   RO            3    i._Z10renderBall4Ball  main.o
    0x000031b0   0x000000fc   Code   RO         3022    i._Z10sdram_initv   ebb.lib(sdram.o)
    0x000032ac   0x0000005c   Code   RO         3023    i._Z10sdram_testv   ebb.lib(sdram.o)
    0x00003308   0x0000002e   Code   RO            4    i._Z10updateBallR4Ball  main.o
    0x00003336   0x00000002   PAD
    0x00003338   0x00000048   Code   RO         3024    i._Z11calibrationv  ebb.lib(sdram.o)
    0x00003380   0x00000084   Code   RO         3025    i._Z11find_cmddlyv  ebb.lib(sdram.o)
    0x00003404   0x00000020   Code   RO         2223    i._Z11init_serialv  mbed.lib(retarget.o)
    0x00003424   0x00000028   Code   RO         2720    i._Z11str_to_uintPcj  ebb.lib(ealcdboard.o)
    0x0000344c   0x0000002a   Code   RO            5    i._Z12collisionBatR4Ball3Bat  main.o
    0x00003476   0x00000002   PAD
    0x00003478   0x00000138   Code   RO            6    i._Z12collisionObs8ObstacleR4Ball  main.o
    0x000035b0   0x00000058   Code   RO            7    i._Z12collisionTopR4Balli  main.o
    0x00003608   0x00000010   Code   RO            8    i._Z12timerHandlerv  main.o
    0x00003618   0x00000010   Code   RO            9    i._Z12waitForStartv  main.o
    0x00003628   0x00000058   Code   RO         3026    i._Z13adjust_timingv  ebb.lib(sdram.o)
    0x00003680   0x00000010   Code   RO           10    i._Z13collisionLeftR4Ball  main.o
    0x00003690   0x00000084   Code   RO         3027    i._Z13find_fbclkdlyv  ebb.lib(sdram.o)
    0x00003714   0x00000038   Code   RO           11    i._Z13jsPrsdAndRlsd7btnId_t  main.o
    0x0000374c   0x00000088   Code   RO           12    i._Z14checkMagicTimeRiR4Ball  main.o
    0x000037d4   0x00000012   Code   RO           13    i._Z14collisionRightR4Ball  main.o
    0x000037e6   0x00000002   PAD
    0x000037e8   0x00000054   Code   RO           14    i._Z14initialiseGamev  main.o
    0x0000383c   0x00000060   Code   RO           15    i._Z14updateBatSpeedR3Bat  main.o
    0x0000389c   0x00000012   Code   RO           16    i._Z15collisionBottom4Ball  main.o
    0x000038ae   0x00000002   PAD
    0x000038b0   0x00000060   Code   RO           17    i._Z15updateStatusBarii  main.o
    0x00003910   0x00000068   Code   RO           18    i._Z17initaliseObstacleR8Obstacle  main.o
    0x00003978   0x000000bc   Code   RO           19    i._Z17initialiseBatBallR4BallR3Bat  main.o
    0x00003a34   0x00000024   Code   RO           20    i._Z6jsPrsd7btnId_t  main.o
    0x00003a58   0x00000354   Code   RO         3029    i._Z9pinConfigv     ebb.lib(sdram.o)
    0x00003dac   0x0000000a   Code   RO         2721    i._Z9port_pin28PortNamei  ebb.lib(ealcdboard.o)
    0x00003db6   0x00000002   PAD
    0x00003db8   0x000000ec   Code   RO           21    i._Z9renderBatR3Bat  main.o
    0x00003ea4   0x0000007e   Code   RO         2722    i._ZN10EaLcdBoard10eepromReadEPhtt  ebb.lib(ealcdboard.o)
    0x00003f22   0x00000002   PAD
    0x00003f24   0x000000dc   Code   RO         2723    i._ZN10EaLcdBoard10execPinSetEPcj  ebb.lib(ealcdboard.o)
    0x00004000   0x00000058   Code   RO         2724    i._ZN10EaLcdBoard10getInitSeqEPci  ebb.lib(ealcdboard.o)
    0x00004058   0x00000084   Code   RO         2726    i._ZN10EaLcdBoard11execSeqCtrlEPcj  ebb.lib(ealcdboard.o)
    0x000040dc   0x00000020   Code   RO         2727    i._ZN10EaLcdBoard11set5VSignalEb  ebb.lib(ealcdboard.o)
    0x000040fc   0x0000003e   Code   RO         2728    i._ZN10EaLcdBoard11setLsStatesEtPhh  ebb.lib(ealcdboard.o)
    0x0000413a   0x00000022   Code   RO         2729    i._ZN10EaLcdBoard12checkVersionEPcj  ebb.lib(ealcdboard.o)
    0x0000415c   0x000000dc   Code   RO         2730    i._ZN10EaLcdBoard12getLcdConfigEPN13LcdController6ConfigE  ebb.lib(ealcdboard.o)
    0x00004238   0x00000020   Code   RO         2731    i._ZN10EaLcdBoard12set3V3SignalEb  ebb.lib(ealcdboard.o)
    0x00004258   0x00000044   Code   RO         2734    i._ZN10EaLcdBoard14setFrameBufferEj  ebb.lib(ealcdboard.o)
    0x0000429c   0x000000be   Code   RO         2736    i._ZN10EaLcdBoard15parseInitStringEPcPN13LcdController6ConfigE  ebb.lib(ealcdboard.o)
    0x0000435a   0x0000002c   Code   RO         2737    i._ZN10EaLcdBoard15pca9532_setLedsEtt  ebb.lib(ealcdboard.o)
    0x00004386   0x0000002e   Code   RO         2741    i._ZN10EaLcdBoard20setBacklightContrastEj  ebb.lib(ealcdboard.o)
    0x000043b4   0x00000036   Code   RO         2742    i._ZN10EaLcdBoard21pca9532_setBlink0DutyEh  ebb.lib(ealcdboard.o)
    0x000043ea   0x00000018   Code   RO         2743    i._ZN10EaLcdBoard21pca9532_setBlink0LedsEt  ebb.lib(ealcdboard.o)
    0x00004402   0x00000020   Code   RO         2744    i._ZN10EaLcdBoard22setDisplayEnableSignalEb  ebb.lib(ealcdboard.o)
    0x00004422   0x00000022   Code   RO         2745    i._ZN10EaLcdBoard23pca9532_setBlink0PeriodEh  ebb.lib(ealcdboard.o)
    0x00004444   0x0000004c   Code   RO         2746    i._ZN10EaLcdBoard4openEPN13LcdController6ConfigEPc  ebb.lib(ealcdboard.o)
    0x00004490   0x0000006c   Code   RO         2748    i._ZN10EaLcdBoard7setLedsEv  ebb.lib(ealcdboard.o)
    0x000044fc   0x00000028   Code   RO         2749    i._ZN10EaLcdBoard8getStoreEPNS_7store_tE  ebb.lib(ealcdboard.o)
    0x00004524   0x0000001e   Code   RO         2750    i._ZN10EaLcdBoard9execDelayEPcj  ebb.lib(ealcdboard.o)
    0x00004542   0x00000002   PAD
    0x00004544   0x00000044   Code   RO         2751    i._ZN10EaLcdBoardC1E7PinNameS0_  ebb.lib(ealcdboard.o)
    0x00004588   0x00000040   Code   RO         1204    i._ZN12Adafruit_GFX10fillCircleEssst  ebb.lib(adafruit_gfx.o)
    0x000045c8   0x00000006   Code   RO         1213    i._ZN12Adafruit_GFX12setTextColorEtt  ebb.lib(adafruit_gfx.o)
    0x000045ce   0x0000002c   Code   RO         1214    i._ZN12Adafruit_GFX13drawFastHLineEssst  ebb.lib(adafruit_gfx.o)
    0x000045fa   0x0000002e   Code   RO         1215    i._ZN12Adafruit_GFX13drawFastVLineEssst  ebb.lib(adafruit_gfx.o)
    0x00004628   0x000000f6   Code   RO         1220    i._ZN12Adafruit_GFX16fillCircleHelperEssshst  ebb.lib(adafruit_gfx.o)
    0x0000471e   0x00000008   Code   RO         1221    i._ZN12Adafruit_GFX5widthEv  ebb.lib(adafruit_gfx.o)
    0x00004726   0x0000007a   Code   RO         1222    i._ZN12Adafruit_GFX5writeEh  ebb.lib(adafruit_gfx.o)
    0x000047a0   0x00000008   Code   RO         1223    i._ZN12Adafruit_GFX6heightEv  ebb.lib(adafruit_gfx.o)
    0x000047a8   0x00000104   Code   RO         1224    i._ZN12Adafruit_GFX8drawCharEsshtth  ebb.lib(adafruit_gfx.o)
    0x000048ac   0x000000dc   Code   RO         1225    i._ZN12Adafruit_GFX8drawLineEsssst  ebb.lib(adafruit_gfx.o)
    0x00004988   0x00000068   Code   RO         1226    i._ZN12Adafruit_GFX8drawRectEsssst  ebb.lib(adafruit_gfx.o)
    0x000049f0   0x00000036   Code   RO         1227    i._ZN12Adafruit_GFX8fillRectEsssst  ebb.lib(adafruit_gfx.o)
    0x00004a26   0x00000006   Code   RO         1228    i._ZN12Adafruit_GFX9setCursorEss  ebb.lib(adafruit_gfx.o)
    0x00004a2c   0x00000030   Code   RO         1229    i._ZN12Adafruit_GFXC2Ess  ebb.lib(adafruit_gfx.o)
    0x00004a5c   0x00000018   Code   RO         3781    i._ZN13LcdController14setFrameBufferEj  ebb.lib(lcdcontroller.o)
    0x00004a74   0x0000003c   Code   RO         3782    i._ZN13LcdController15getClockDivisorEi  ebb.lib(lcdcontroller.o)
    0x00004ab0   0x000001c0   Code   RO         3783    i._ZN13LcdController4initEPNS_6ConfigE  ebb.lib(lcdcontroller.o)
    0x00004c70   0x00000048   Code   RO         3784    i._ZN13LcdController4openEPNS_6ConfigE  ebb.lib(lcdcontroller.o)
    0x00004cb8   0x00000060   Code   RO         1705    i._ZN13LcdController6ConfigC1EiiiiiiiibbbbiNS_12BitsPerPixelEiNS_8LcdPanelEb  ebb.lib(display.o)
    0x00004d18   0x00000044   Code   RO         3786    i._ZN13LcdController8setPowerEb  ebb.lib(lcdcontroller.o)
    0x00004d5c   0x0000015c   Code   RO         3787    i._ZN13LcdController9pinConfigEv  ebb.lib(lcdcontroller.o)
    0x00004eb8   0x00000006   Code   RO         3788    i._ZN13LcdControllerC1Ev  ebb.lib(lcdcontroller.o)
    0x00004ebe   0x00000020   Code   RO         2500    i._ZN14EaLcdBoardGPIO11set5VSignalEb  ebb.lib(ealcdboardgpio.o)
    0x00004ede   0x00000020   Code   RO         2501    i._ZN14EaLcdBoardGPIO12set3V3SignalEb  ebb.lib(ealcdboardgpio.o)
    0x00004efe   0x00000002   Code   RO         2502    i._ZN14EaLcdBoardGPIO15setWriteProtectEb  ebb.lib(ealcdboardgpio.o)
    0x00004f00   0x0000005c   Code   RO         2503    i._ZN14EaLcdBoardGPIO20setBacklightContrastEj  ebb.lib(ealcdboardgpio.o)
    0x00004f5c   0x00000038   Code   RO         2504    i._ZN14EaLcdBoardGPIO22setDisplayEnableSignalEb  ebb.lib(ealcdboardgpio.o)
    0x00004f94   0x0000009c   Code   RO         2505    i._ZN14EaLcdBoardGPIOC1E7PinNameS0_  ebb.lib(ealcdboardgpio.o)
    0x00005030   0x0000001a   Code   RO         2554    i._ZN4mbed10DigitalOutC1E7PinName  ebb.lib(ealcdboardgpio.o)
    0x0000504a   0x00000002   PAD
    0x0000504c   0x0000005c   Code   RO         2548    i._ZN4mbed10DigitalOutaSEi  ebb.lib(ealcdboardgpio.o)
    0x000050a8   0x0000003a   Code   RO         2100    i._ZN4mbed10FileHandle4flenEv  mbed.lib(filelike.o)
    0x000050e2   0x00000010   Code   RO         1088    i._ZN4mbed10TimerEvent3irqEj  mbed.lib(timerevent.o)
    0x000050f2   0x00000014   Code   RO         1089    i._ZN4mbed10TimerEvent6insertEj  mbed.lib(timerevent.o)
    0x00005106   0x0000000e   Code   RO         1090    i._ZN4mbed10TimerEvent6removeEv  mbed.lib(timerevent.o)
    0x00005114   0x0000002c   Code   RO         1092    i._ZN4mbed10TimerEventC2Ev  mbed.lib(timerevent.o)
    0x00005140   0x0000000e   Code   RO         2226    i._ZN4mbed26mbed_set_unbuffered_streamEPSt6__FILE  mbed.lib(retarget.o)
    0x0000514e   0x0000003a   Code   RO         3403    i._ZN4mbed3I2C4readEiPcib  mbed.lib(i2c.o)
    0x00005188   0x0000003a   Code   RO         3407    i._ZN4mbed3I2C5writeEiPKcib  mbed.lib(i2c.o)
    0x000051c2   0x00000002   PAD
    0x000051c4   0x00000020   Code   RO         3408    i._ZN4mbed3I2C6aquireEv  mbed.lib(i2c.o)
    0x000051e4   0x0000002c   Code   RO         3410    i._ZN4mbed3I2CC1E7PinNameS1_  mbed.lib(i2c.o)
    0x00005210   0x00000006   Code   RO          814    i._ZN4mbed6Stream4flenEv  mbed.lib(stream.o)
    0x00005216   0x00000006   Code   RO          820    i._ZN4mbed6Stream5closeEv  mbed.lib(stream.o)
    0x0000521c   0x00000006   Code   RO          822    i._ZN4mbed6Stream5lseekEli  mbed.lib(stream.o)
    0x00005222   0x00000030   Code   RO          824    i._ZN4mbed6Stream5writeEPKvj  mbed.lib(stream.o)
    0x00005252   0x00000006   Code   RO          825    i._ZN4mbed6Stream6isattyEv  mbed.lib(stream.o)
    0x00005258   0x00000028   Code   RO          826    i._ZN4mbed6Stream6printfEPKcz  mbed.lib(stream.o)
    0x00005280   0x00000048   Code   RO          827    i._ZN4mbed6StreamC2EPKc  mbed.lib(stream.o)
    0x000052c8   0x00000022   Code   RO         1016    i._ZN4mbed6Ticker5setupEj  mbed.lib(ticker.o)
    0x000052ea   0x00000038   Code   RO         1018    i._ZN4mbed6Ticker7handlerEv  mbed.lib(ticker.o)
    0x00005322   0x00000006   Code   RO         3133    i._ZN4mbed8FileBase11getPathTypeEv  mbed.lib(filebase.o)
    0x00005328   0x00000038   Code   RO         3135    i._ZN4mbed8FileBase6lookupEPKcj  mbed.lib(filebase.o)
    0x00005360   0x00000028   Code   RO         3137    i._ZN4mbed8FileBaseC1EPKcNS_8PathTypeE  mbed.lib(filebase.o)
    0x00005388   0x0000002c   Code   RO         2068    i._ZN4mbed8FileLikeC2EPKc  mbed.lib(filelike.o)
    0x000053b4   0x00000014   Code   RO         3198    i._ZN4mbed8FilePath10fileSystemEv  mbed.lib(filepath.o)
    0x000053c8   0x0000001c   Code   RO         3199    i._ZN4mbed8FilePath12isFileSystemEv  mbed.lib(filepath.o)
    0x000053e4   0x0000001e   Code   RO         3200    i._ZN4mbed8FilePath4fileEv  mbed.lib(filepath.o)
    0x00005402   0x0000000e   Code   RO         3201    i._ZN4mbed8FilePath6existsEv  mbed.lib(filepath.o)
    0x00005410   0x0000001c   Code   RO         3202    i._ZN4mbed8FilePath6isFileEv  mbed.lib(filepath.o)
    0x0000542c   0x00000006   Code   RO         3203    i._ZN4mbed8FilePath8fileNameEv  mbed.lib(filepath.o)
    0x00005432   0x00000056   Code   RO         3204    i._ZN4mbed8FilePathC1EPKc  mbed.lib(filepath.o)
    0x00005488   0x0000004c   Code   RO          167    i._ZN4mbed9DigitalIn4readEv  main.o
    0x000054d4   0x0000001a   Code   RO          179    i._ZN4mbed9DigitalInC1E7PinName  main.o
    0x000054ee   0x00000026   Code   RO         2952    i._ZN5GFXFb10fillScreenEt  ebb.lib(gfxfb.o)
    0x00005514   0x00000062   Code   RO         2954    i._ZN5GFXFb13drawFastHLineEssst  ebb.lib(gfxfb.o)
    0x00005576   0x00000068   Code   RO         2955    i._ZN5GFXFb13drawFastVLineEssst  ebb.lib(gfxfb.o)
    0x000055de   0x00000046   Code   RO         2958    i._ZN5GFXFb9drawPixelEsst  ebb.lib(gfxfb.o)
    0x00005624   0x00000028   Code   RO         2959    i._ZN5GFXFbC1EttPt  ebb.lib(gfxfb.o)
    0x0000564c   0x0000003c   Code   RO         1648    i._ZN7Display10theDisplayEv  ebb.lib(display.o)
    0x00005688   0x00000014   Code   RO         1650    i._ZN7Display5_putcEi  ebb.lib(display.o)
    0x0000569c   0x00000150   Code   RO         1652    i._ZN7DisplayC1Ev   ebb.lib(display.o)
    0x000057ec   0x00000028   Code   RO         4176    i._Znwj             cpprt_w.l(new.o)
    0x00005814   0x00000030   Code   RO         4792    i.__ARM_fpclassify  m_wm.l(fpclassify.o)
    0x00005844   0x00000010   Code   RO         4183    i.__cxa_guard_acquire  cpprt_w.l(cxa_guard_acquire.o)
    0x00005854   0x00000006   Code   RO         4180    i.__cxa_pure_virtual  cpprt_w.l(pure_virt.o)
    0x0000585a   0x00000006   Code   RO         3030    i.__reserved_stack_size  ebb.lib(sdram.o)
    0x00005860   0x00000044   Code   RO         3031    i.__rt_heap_extend  ebb.lib(sdram.o)
    0x000058a4   0x00000058   Code   RO           22    i.__sti___8_main_cpp_pot  main.o
    0x000058fc   0x00000030   Code   RO          602    i.__user_setup_stackheap  sys.o
    0x0000592c   0x00000026   Code   RO          664    i._gpio_init_in     mbed.lib(gpio.o)
    0x00005952   0x00000034   Code   RO          665    i._gpio_init_out    mbed.lib(gpio.o)
    0x00005986   0x0000000e   Code   RO         4092    i._is_digit         c_w.l(__printf_wp.o)
    0x00005994   0x00000030   Code   RO         2229    i._sys_close        mbed.lib(retarget.o)
    0x000059c4   0x0000002c   Code   RO         2232    i._sys_flen         mbed.lib(retarget.o)
    0x000059f0   0x0000002c   Code   RO         2233    i._sys_istty        mbed.lib(retarget.o)
    0x00005a1c   0x00000130   Code   RO         2234    i._sys_open         mbed.lib(retarget.o)
    0x00005b4c   0x00000030   Code   RO         2236    i._sys_seek         mbed.lib(retarget.o)
    0x00005b7c   0x00000064   Code   RO         2237    i._sys_write        mbed.lib(retarget.o)
    0x00005be0   0x00000050   Code   RO         1146    i.adc_read          mbed.lib(analogin_api.o)
    0x00005c30   0x0000003a   Code   RO         1147    i.adc_read_u32      mbed.lib(analogin_api.o)
    0x00005c6a   0x00000002   PAD
    0x00005c6c   0x000000ac   Code   RO         1148    i.analogin_init     mbed.lib(analogin_api.o)
    0x00005d18   0x00000028   Code   RO         1149    i.analogin_read     mbed.lib(analogin_api.o)
    0x00005d40   0x00000020   Code   RO         1899    i.error             mbed.lib(error.o)
    0x00005d60   0x00000020   Code   RO         2239    i.exit              mbed.lib(retarget.o)
    0x00005d80   0x00000050   Code   RO          568    i.fpu_init          system_lpc407x_8x_177x_8x.o
    0x00005dd0   0x0000001a   Code   RO         4119    i.fputc             c_w.l(fputc.o)
    0x00005dea   0x00000002   PAD
    0x00005dec   0x00000008   Code   RO         2039    i.get_us_ticker_data  mbed.lib(us_ticker_api.o)
    0x00005df4   0x00000090   Code   RO         2133    i.gpio_dir          mbed.lib(gpio_api.o)
    0x00005e84   0x00000038   Code   RO         2134    i.gpio_init         mbed.lib(gpio_api.o)
    0x00005ebc   0x00000012   Code   RO          666    i.gpio_init_in      mbed.lib(gpio.o)
    0x00005ece   0x00000014   Code   RO          667    i.gpio_init_in_ex   mbed.lib(gpio.o)
    0x00005ee2   0x00000012   Code   RO          669    i.gpio_init_out     mbed.lib(gpio.o)
    0x00005ef4   0x00000016   Code   RO          670    i.gpio_init_out_ex  mbed.lib(gpio.o)
    0x00005f0a   0x00000012   Code   RO         2135    i.gpio_mode         mbed.lib(gpio_api.o)
    0x00005f1c   0x00000070   Code   RO         2136    i.gpio_set          mbed.lib(gpio_api.o)
    0x00005f8c   0x00000080   Code   RO          671    i.gpio_write        mbed.lib(gpio.o)
    0x0000600c   0x00000080   Code   RO         3753    i.gpio_write        mbed.lib(board.o)
    0x0000608c   0x00000016   Code   RO         3850    i.i2c_clear_SI      mbed.lib(i2c_api.o)
    0x000060a2   0x00000018   Code   RO         3851    i.i2c_conclr        mbed.lib(i2c_api.o)
    0x000060ba   0x00000018   Code   RO         3852    i.i2c_conset        mbed.lib(i2c_api.o)
    0x000060d2   0x0000003e   Code   RO         3853    i.i2c_do_read       mbed.lib(i2c_api.o)
    0x00006110   0x00000020   Code   RO         3854    i.i2c_do_write      mbed.lib(i2c_api.o)
    0x00006130   0x0000001c   Code   RO         3855    i.i2c_frequency     mbed.lib(i2c_api.o)
    0x0000614c   0x00000144   Code   RO         3856    i.i2c_init          mbed.lib(i2c_api.o)
    0x00006290   0x000000b0   Code   RO         3857    i.i2c_read          mbed.lib(i2c_api.o)
    0x00006340   0x00000048   Code   RO         3966    i.i2c_start         mbed.lib(i2c_api.o)
    0x00006388   0x00000008   Code   RO         3864    i.i2c_status        mbed.lib(i2c_api.o)
    0x00006390   0x00000040   Code   RO         3972    i.i2c_stop          mbed.lib(i2c_api.o)
    0x000063d0   0x00000028   Code   RO         3865    i.i2c_wait_SI       mbed.lib(i2c_api.o)
    0x000063f8   0x00000082   Code   RO         3866    i.i2c_write         mbed.lib(i2c_api.o)
    0x0000647a   0x00000002   PAD
    0x0000647c   0x000001d8   Code   RO           23    i.main              main.o
    0x00006654   0x0000004c   Code   RO          644    i.mbed_assert_internal  mbed.lib(assert.o)
    0x000066a0   0x00000074   Code   RO         3754    i.mbed_die          mbed.lib(board.o)
    0x00006714   0x00000002   Code   RO         2240    i.mbed_main         mbed.lib(retarget.o)
    0x00006716   0x00000002   Code   RO         2241    i.mbed_sdk_init     mbed.lib(retarget.o)
    0x00006718   0x00000014   Code   RO         1151    i.order             mbed.lib(analogin_api.o)
    0x0000672c   0x00000074   Code   RO         3481    i.pin_function      mbed.lib(pinmap.o)
    0x000067a0   0x0000008c   Code   RO         3482    i.pin_mode          mbed.lib(pinmap.o)
    0x0000682c   0x00000020   Code   RO         1937    i.pinmap_find_peripheral  mbed.lib(pinmap_common.o)
    0x0000684c   0x00000040   Code   RO         1939    i.pinmap_merge      mbed.lib(pinmap_common.o)
    0x0000688c   0x0000004c   Code   RO         1940    i.pinmap_peripheral  mbed.lib(pinmap_common.o)
    0x000068d8   0x00000054   Code   RO         1941    i.pinmap_pinout     mbed.lib(pinmap_common.o)
    0x0000692c   0x000000f4   Code   RO         3508    i.pwmout_init       mbed.lib(pwmout_api.o)
    0x00006a20   0x00000016   Code   RO         3510    i.pwmout_period_ms  mbed.lib(pwmout_api.o)
    0x00006a36   0x00000002   PAD
    0x00006a38   0x00000044   Code   RO         3511    i.pwmout_period_us  mbed.lib(pwmout_api.o)
    0x00006a7c   0x00000068   Code   RO         3516    i.pwmout_write      mbed.lib(pwmout_api.o)
    0x00006ae4   0x00000144   Code   RO         3588    i.serial_baud       mbed.lib(serial_api.o)
    0x00006c28   0x000000fc   Code   RO         3592    i.serial_format     mbed.lib(serial_api.o)
    0x00006d24   0x000001ac   Code   RO         3595    i.serial_init       mbed.lib(serial_api.o)
    0x00006ed0   0x00000018   Code   RO         3599    i.serial_putc       mbed.lib(serial_api.o)
    0x00006ee8   0x0000000c   Code   RO         3601    i.serial_writable   mbed.lib(serial_api.o)
    0x00006ef4   0x00000050   Code   RO         1987    i.ticker_insert_event  mbed.lib(ticker_api.o)
    0x00006f44   0x0000005a   Code   RO         1988    i.ticker_irq_handler  mbed.lib(ticker_api.o)
    0x00006f9e   0x0000000c   Code   RO         1989    i.ticker_read       mbed.lib(ticker_api.o)
    0x00006faa   0x00000052   Code   RO         1990    i.ticker_remove_event  mbed.lib(ticker_api.o)
    0x00006ffc   0x00000012   Code   RO         1991    i.ticker_set_handler  mbed.lib(ticker_api.o)
    0x0000700e   0x00000002   PAD
    0x00007010   0x0000000c   Code   RO         2171    i.us_ticker_clear_interrupt  mbed.lib(us_ticker.o)
    0x0000701c   0x00000014   Code   RO         2172    i.us_ticker_disable_interrupt  mbed.lib(us_ticker.o)
    0x00007030   0x00000074   Code   RO         2173    i.us_ticker_init    mbed.lib(us_ticker.o)
    0x000070a4   0x00000010   Code   RO         2040    i.us_ticker_irq_handler  mbed.lib(us_ticker_api.o)
    0x000070b4   0x0000001c   Code   RO         2174    i.us_ticker_read    mbed.lib(us_ticker.o)
    0x000070d0   0x00000014   Code   RO         2175    i.us_ticker_set_interrupt  mbed.lib(us_ticker.o)
    0x000070e4   0x00000028   Code   RO          770    i.wait              mbed.lib(wait_api.o)
    0x0000710c   0x00000012   Code   RO          771    i.wait_ms           mbed.lib(wait_api.o)
    0x0000711e   0x00000018   Code   RO          772    i.wait_us           mbed.lib(wait_api.o)
    0x00007136   0x00000002   PAD
    0x00007138   0x0000002c   Code   RO         4746    locale$$code        c_w.l(lc_numeric_c.o)
    0x00007164   0x0000002c   Code   RO         4818    locale$$code        c_w.l(lc_ctype_c.o)
    0x00007190   0x00000008   Code   RO          173    t._ZN4mbed19FunctionPointerArg1IvvE6attachEPFvvE  main.o
    0x00007198   0x00000150   Code   RO         4295    x$fpl$dadd          fz_wm.l(daddsub_clz.o)
    0x000072e8   0x00000018   Code   RO         4525    x$fpl$dcmpinf       fz_wm.l(dcmpi.o)
    0x00007300   0x0000002e   Code   RO         4302    x$fpl$dflt          fz_wm.l(dflt_clz.o)
    0x0000732e   0x00000002   PAD
    0x00007330   0x00000078   Code   RO         4307    x$fpl$dleqf         fz_wm.l(dleqf.o)
    0x000073a8   0x00000154   Code   RO         4309    x$fpl$dmul          fz_wm.l(dmul.o)
    0x000074fc   0x0000009c   Code   RO         4527    x$fpl$dnaninf       fz_wm.l(dnaninf.o)
    0x00007598   0x0000000c   Code   RO         4529    x$fpl$dretinf       fz_wm.l(dretinf.o)
    0x000075a4   0x0000006c   Code   RO         4311    x$fpl$drleqf        fz_wm.l(drleqf.o)
    0x00007610   0x000001d4   Code   RO         4297    x$fpl$dsub          fz_wm.l(daddsub_clz.o)
    0x000077e4   0x0000000a   Code   RO         4693    x$fpl$fpinit        fz_wm.l(fpinit.o)
    0x000077ee   0x00000004   Code   RO         4531    x$fpl$printf1       fz_wm.l(printf1.o)
    0x000077f2   0x00000004   Code   RO         4533    x$fpl$printf2       fz_wm.l(printf2.o)
    0x000077f6   0x00000000   Code   RO         4541    x$fpl$usenofp       fz_wm.l(usenofp.o)
    0x000077f6   0x00000002   PAD
    0x000077f8   0x0000006c   Data   RO         1152    .constdata          mbed.lib(analogin_api.o)
    0x00007864   0x000004fb   Data   RO         1258    .constdata          ebb.lib(adafruit_gfx.o)
    0x00007d5f   0x00000001   PAD
    0x00007d60   0x0000001c   Data   RO         2041    .constdata          mbed.lib(us_ticker_api.o)
    0x00007d7c   0x00000017   Data   RO         2283    .constdata          mbed.lib(retarget.o)
    0x00007d93   0x00000001   PAD
    0x00007d94   0x00000190   Data   RO         3517    .constdata          mbed.lib(pwmout_api.o)
    0x00007f24   0x0000012c   Data   RO         3609    .constdata          mbed.lib(serial_api.o)
    0x00008050   0x00000128   Data   RO         3867    .constdata          mbed.lib(i2c_api.o)
    0x00008178   0x00000028   Data   RO         4080    .constdata          c_w.l(_printf_hex_int_ll_ptr.o)
    0x000081a0   0x00000011   Data   RO         4100    .constdata          c_w.l(__printf_flags_ss_wp.o)
    0x000081b1   0x00000003   PAD
    0x000081b4   0x00000008   Data   RO         4365    .constdata          c_w.l(_printf_wctomb.o)
    0x000081bc   0x00000026   Data   RO         4577    .constdata          c_w.l(_printf_fp_hex.o)
    0x000081e2   0x00000002   PAD
    0x000081e4   0x00000094   Data   RO         4719    .constdata          c_w.l(bigflt0.o)
    0x00008278   0x0000001c   Data   RO         2927    .constdata__ZTV10EaLcdBoard  ebb.lib(ealcdboard.o)
    0x00008294   0x0000002c   Data   RO         1398    .constdata__ZTV12Adafruit_GFX  ebb.lib(adafruit_gfx.o)
    0x000082c0   0x0000001c   Data   RO         2547    .constdata__ZTV14EaLcdBoardGPIO  ebb.lib(ealcdboardgpio.o)
    0x000082dc   0x0000002c   Data   RO         3011    .constdata__ZTV5GFXFb  ebb.lib(gfxfb.o)
    0x00008308   0x00000070   Data   RO         1704    .constdata__ZTV7Display  ebb.lib(display.o)
    0x00008378   0x0000002c   Data   RO         2449    .constdata__ZTVN4mbed10FileHandleE  mbed.lib(retarget.o)
    0x000083a4   0x00000014   Data   RO         1138    .constdata__ZTVN4mbed10TimerEventE  mbed.lib(timerevent.o)
    0x000083b8   0x00000044   Data   RO          925    .constdata__ZTVN4mbed6StreamE  mbed.lib(stream.o)
    0x000083fc   0x00000014   Data   RO         1044    .constdata__ZTVN4mbed6TickerE  mbed.lib(ticker.o)
    0x00008410   0x00000010   Data   RO         3184    .constdata__ZTVN4mbed8FileBaseE  mbed.lib(filebase.o)
    0x00008420   0x0000003c   Data   RO         2099    .constdata__ZTVN4mbed8FileLikeE  mbed.lib(filelike.o)
    0x0000845c   0x00000048   Data   RO           46    .conststring        main.o
    0x000084a4   0x00000044   Data   RO         1153    .conststring        mbed.lib(analogin_api.o)
    0x000084e8   0x00000042   Data   RO         3518    .conststring        mbed.lib(pwmout_api.o)
    0x0000852a   0x00000002   PAD
    0x0000852c   0x000000c6   Data   RO         3610    .conststring        mbed.lib(serial_api.o)
    0x000085f2   0x00000002   PAD
    0x000085f4   0x00000020   Data   RO         4897    Region$$Table       anon$$obj.o
    0x00008614   0x0000001c   Data   RO         4745    locale$$data        c_w.l(lc_numeric_c.o)
    0x00008630   0x00000110   Data   RO         4817    locale$$data        c_w.l(lc_ctype_c.o)
    0x00008740   0x00000004   Data   RO           48    .init_array         main.o
    0x00008744   0x00000000   Data   RO         4168    .init_array         c_w.l(init_aeabi.o)


    Execution Region RW_IRAM1 (Base: 0x100000e8, Size: 0x00000740, Max: 0x0000ff18, ABSOLUTE)

    Base Addr    Size         Type   Attr      Idx    E Section Name        Object

    0x100000e8   0x00000024   Data   RW           47    .data               main.o
    0x1000010c   0x00000010   Data   RW          569    .data               system_lpc407x_8x_177x_8x.o
    0x1000011c   0x00000008   Data   RW         1666    .data               ebb.lib(display.o)
    0x10000124   0x00000008   Data   RW         2042    .data               mbed.lib(us_ticker_api.o)
    0x1000012c   0x00000004   Data   RW         2176    .data               mbed.lib(us_ticker.o)
    0x10000130   0x00000010   Data   RW         3042    .data               ebb.lib(sdram.o)
    0x10000140   0x00000004   Data   RW         3147    .data               mbed.lib(filebase.o)
    0x10000144   0x00000004   Data   RW         3420    .data               mbed.lib(i2c.o)
    0x10000148   0x00000004   Data   RW         3519    .data               mbed.lib(pwmout_api.o)
    0x1000014c   0x00000010   Data   RW         3611    .data               mbed.lib(serial_api.o)
    0x1000015c   0x00000001   Data   RW         3797    .data               ebb.lib(lcdcontroller.o)
    0x1000015d   0x00000003   PAD
    0x10000160   0x00000004   Data   RW         4131    .data               c_w.l(stdio_streams.o)
    0x10000164   0x00000004   Data   RW         4132    .data               c_w.l(stdio_streams.o)
    0x10000168   0x00000004   Data   RW         4133    .data               c_w.l(stdio_streams.o)
    0x1000016c   0x00000078   Zero   RW           45    .bss                main.o
    0x100001e4   0x00000040   Zero   RW         2282    .bss                mbed.lib(retarget.o)
    0x10000224   0x00000400   Zero   RW         2784    .bss                ebb.lib(ealcdboard.o)
    0x10000624   0x00000054   Zero   RW         4128    .bss                c_w.l(stdio_streams.o)
    0x10000678   0x00000054   Zero   RW         4129    .bss                c_w.l(stdio_streams.o)
    0x100006cc   0x00000054   Zero   RW         4130    .bss                c_w.l(stdio_streams.o)
    0x10000720   0x000000e4   Zero   RW         4148    .bss                c_w.l(rand.o)
    0x10000804   0x00000004   Zero   RW         4317    .bss                c_w.l(rt_heap_descriptor.o)
    0x10000808   0x00000004   Zero   RW         4322    .bss                c_w.l(rt_new_handler_addr.o)
    0x1000080c   0x00000014   Zero   RW         4700    .bss                c_w.l(rt_locale.o)
    0x10000820   0x00000004   Zero   RW         4705    .bss                c_w.l(rt_eh_globals_addr.o)
    0x10000824   0x00000004   Zero   RW         4710    .bss                c_w.l(rt_errno_addr.o)


    Execution Region RW_IRAM2 (Base: 0x20000000, Size: 0x00000000, Max: 0x00004000, ABSOLUTE)

    **** No section assigned to this execution region ****


    Execution Region RW_IRAM3 (Base: 0x20004000, Size: 0x00000000, Max: 0x00004000, ABSOLUTE)

    **** No section assigned to this execution region ****



  Load Region LR_IROM2 (Base: 0x28000000, Size: 0x00000000, Max: 0x01000000, ABSOLUTE)

    Execution Region ER_IROM2 (Base: 0x28000000, Size: 0x00000000, Max: 0x01000000, ABSOLUTE)

    **** No section assigned to this execution region ****


==============================================================================

Image component sizes


      Code (inc. data)   RO Data    RW Data    ZI Data      Debug   Object Name

        64          6          0          0          0      28137   cmsis_nvic.o
      2398        284         76         36        120      74169   main.o
        40         12        228          0          0       1264   startup_lpc407x_8x_177x_8x.o
        48          6          0          0          0       3269   sys.o
      1040         62          0         16          0       4900   system_lpc407x_8x_177x_8x.o

    ----------------------------------------------------------------------
      3598        370        336         52        120     111739   Object Totals
         0          0         32          0          0          0   (incl. Generated)
         8          0          0          0          0          0   (incl. Padding)

    ----------------------------------------------------------------------

      Code (inc. data)   RO Data    RW Data    ZI Data      Debug   Library Member Name

        60          8          0          0          0         84   __0sscanf.o
        44          6          0          0          0         84   __2sprintf.o
         8          0          0          0          0         68   __main.o
       392          4         17          0          0         92   __printf_flags_ss_wp.o
        14          0          0          0          0         68   __printf_wp.o
         0          0          0          0          0          0   __rtentry.o
        12          0          0          0          0          0   __rtentry2.o
         6          0          0          0          0          0   __rtentry4.o
        52          8          0          0          0          0   __scatter.o
        26          0          0          0          0          0   __scatter_copy.o
        28          0          0          0          0          0   __scatter_zi.o
        28          0          0          0          0         68   _chval.o
         6          0          0          0          0          0   _printf_a.o
         6          0          0          0          0          0   _printf_c.o
        44          0          0          0          0        108   _printf_char.o
        48          6          0          0          0         96   _printf_char_common.o
        36          4          0          0          0         80   _printf_char_file.o
        40          0          0          0          0         68   _printf_charcount.o
         6          0          0          0          0          0   _printf_d.o
       120         16          0          0          0         92   _printf_dec.o
         6          0          0          0          0          0   _printf_e.o
         6          0          0          0          0          0   _printf_f.o
      1050          0          0          0          0        216   _printf_fp_dec.o
       764         10         38          0          0        100   _printf_fp_hex.o
       128         16          0          0          0         84   _printf_fp_infnan.o
         6          0          0          0          0          0   _printf_g.o
       148          4         40          0          0        160   _printf_hex_int_ll_ptr.o
         6          0          0          0          0          0   _printf_i.o
       178          0          0          0          0         88   _printf_intcommon.o
        10          0          0          0          0          0   _printf_l.o
         6          0          0          0          0          0   _printf_lc.o
        10          0          0          0          0          0   _printf_ll.o
         6          0          0          0          0          0   _printf_lld.o
         6          0          0          0          0          0   _printf_lli.o
         6          0          0          0          0          0   _printf_llo.o
         6          0          0          0          0          0   _printf_llu.o
         6          0          0          0          0          0   _printf_llx.o
       124         16          0          0          0         92   _printf_longlong_dec.o
         6          0          0          0          0          0   _printf_ls.o
         6          0          0          0          0          0   _printf_n.o
         6          0          0          0          0          0   _printf_o.o
       112          8          0          0          0        124   _printf_oct_int_ll.o
         6          0          0          0          0          0   _printf_p.o
        78          0          0          0          0        108   _printf_pad.o
         0          0          0          0          0          0   _printf_percent.o
         4          0          0          0          0          0   _printf_percent_end.o
         6          0          0          0          0          0   _printf_s.o
        82          0          0          0          0         80   _printf_str.o
        36          0          0          0          0         84   _printf_truncate.o
         6          0          0          0          0          0   _printf_u.o
        44          0          0          0          0        108   _printf_wchar.o
       188          6          8          0          0         92   _printf_wctomb.o
         6          0          0          0          0          0   _printf_x.o
       884          6          0          0          0        100   _scanf.o
       332          0          0          0          0         96   _scanf_int.o
        64          0          0          0          0         84   _sgetc.o
        10          0          0          0          0         68   _sputc.o
        64          0          0          0          0         92   _wcrtomb.o
        22          0          0          0          0         80   abort.o
       220          4        148          0          0         96   bigflt0.o
      1910        128          0          0          0        672   btod.o
        10          0          0          0          0         68   c89vfprintf.o
        48         34          0          0          0         76   defsig_abrt_inner.o
        14          0          0          0          0         80   defsig_abrt_outer.o
        10          0          0          0          0         68   defsig_exit.o
        50          0          0          0          0         88   defsig_general.o
        48         34          0          0          0         76   defsig_pvfn_inner.o
        14          0          0          0          0         80   defsig_pvfn_outer.o
        80         58          0          0          0         76   defsig_rtmem_inner.o
        14          0          0          0          0         80   defsig_rtmem_outer.o
        52         38          0          0          0         76   defsig_rtred_inner.o
        14          0          0          0          0         80   defsig_rtred_outer.o
        76          0          0          0          0         88   fclose.o
         8          0          0          0          0         68   ferror.o
       100          4          0          0          0        120   fflush.o
       470          0          0          0          0         88   flsbuf.o
       236          4          0          0          0        128   fopen.o
        26          0          0          0          0         68   fputc.o
       248          6          0          0          0         84   fseek.o
        66          0          0          0          0         76   ftell.o
        94          0          0          0          0         80   h1_alloc.o
        52          0          0          0          0         68   h1_extend.o
        78          0          0          0          0         80   h1_free.o
        14          0          0          0          0         84   h1_init.o
         8          0          0          0          0         84   heapauxmm.o
         4          0          0          0          0        136   hguard.o
         0          0          0          0          0          0   indicate_semi.o
        36         10          0          0          0         80   init_aeabi.o
       138          0          0          0          0        168   init_alloc.o
       312         46          0          0          0        112   initio.o
        18          0          0          0          0         76   isspace.o
        44         10        272          0          0         76   lc_ctype_c.o
        44         10         28          0          0         76   lc_numeric_c.o
         2          0          0          0          0          0   libinit.o
        54          0          0          0          0          0   libinit2.o
         0          0          0          0          0          0   libshutdown2.o
       138          0          0          0          0         80   lludiv10.o
         0          0          0          0          0          0   maybetermalloc1.o
       112         18          0          0        228        160   rand.o
        16          4          0          0          0         76   rt_ctype_table.o
         8          4          0          0          4         68   rt_eh_globals_addr.o
         8          4          0          0          4         68   rt_errno_addr.o
         8          4          0          0          4         68   rt_heap_descriptor.o
         8          4          0          0         20         68   rt_locale.o
        68          0          0          0          0         68   rt_memclr.o
        78          0          0          0          0         80   rt_memclr_w.o
         8          4          0          0          4         68   rt_new_handler_addr.o
        44          8          0          0          0         84   scanf_char.o
        20          0          0          0          0         68   setbuf.o
        70          0          0          0          0         80   setvbuf.o
       240          6          0          0          0        156   stdio.o
         0          0          0         12        252          0   stdio_streams.o
       128          0          0          0          0         68   strcmpv7m.o
        62          0          0          0          0         76   strlen.o
       150          0          0          0          0         80   strncmp.o
        12          4          0          0          0         68   sys_exit.o
        14          0          0          0          0         76   sys_wrch.o
         2          0          0          0          0         68   use_no_semi.o
        10          0          0          0          0         68   vfprintf.o
        80         12          0          0          0        104   arm_exceptions_globs.o
        60          0          0          0          0        108   arm_exceptions_mem.o
        26          0          0          0          0         76   arm_exceptions_terminate.o
         4          0          0          0          0         68   arm_newhandler_noexceptions.o
        16          0          0          0          0         68   cxa_guard_acquire.o
        40          6          0          0          0         76   new.o
         6          0          0          0          0         68   pure_virt.o
      1236         10       1319          0          0      19936   adafruit_gfx.o
       512         74        112          8          0      44292   display.o
      1810         52         28          0       1024      22924   ealcdboard.o
       488         58         28          0          0      39872   ealcdboardgpio.o
       350          4         44          0          0       5628   gfxfb.o
      1026         62          0          1          0       6364   lcdcontroller.o
      1694         98          0         16          0       7292   sdram.o
       804         16          0          0          0        368   daddsub_clz.o
        24          0          0          0          0        116   dcmpi.o
        46          0          0          0          0        116   dflt_clz.o
       120          4          0          0          0        140   dleqf.o
       340         12          0          0          0        152   dmul.o
       156          4          0          0          0        140   dnaninf.o
        12          0          0          0          0        116   dretinf.o
       108          0          0          0          0        128   drleqf.o
        10          0          0          0          0        116   fpinit.o
         4          0          0          0          0        116   printf1.o
         4          0          0          0          0        116   printf2.o
         0          0          0          0          0          0   usenofp.o
        48          0          0          0          0        124   fpclassify.o
       370         62        176          0          0       5348   analogin_api.o
        76         54          0          0          0        659   assert.o
       244         82          0          0          0       1199   board.o
        32          4          0          0          0       1088   error.o
       102         12         16          4          0       1952   filebase.o
       102         10         60          0          0       3596   filelike.o
       212          0          0          0          0       6336   filepath.o
       296         82          0          0          0      32384   gpio.o
       330        154          0          0          0       3010   gpio_api.o
       192         16          0          4          0       4368   i2c.o
      1006        122        296          0          0      11801   i2c_api.o
       256        148          0          0          0       1778   pinmap.o
       256         76          0          0          0       2976   pinmap_common.o
       438         68        466          4          0       4131   pwmout_api.o
       686         68         67          0         64      15722   retarget.o
      1040        144        498         16          0       6995   serial_api.o
       184         14         68          0          0      38192   stream.o
        90          0         20          0          0       4864   ticker.o
       282          0          0          0          0       3732   ticker_api.o
        94         10         20          0          0       2104   timerevent.o
       196         48          0          4          0      29756   us_ticker.o
        24         10         28          8          0       1541   us_ticker_api.o
        82          4          0          0          0       3139   wait_api.o

    ----------------------------------------------------------------------
     26886       2164       3808         80       1604     343211   Library Totals
        46          0         11          3          0          0   (incl. Padding)

    ----------------------------------------------------------------------

      Code (inc. data)   RO Data    RW Data    ZI Data      Debug   Library Name

     11226        564        551         12        516       7916   c_w.l
       232         18          0          0          0        568   cpprt_w.l
      7116        358       1531         25       1024     146308   ebb.lib
      1628         36          0          0          0       1624   fz_wm.l
        48          0          0          0          0        124   m_wm.l
      6590       1188       1715         40         64     186671   mbed.lib

    ----------------------------------------------------------------------
     26886       2164       3808         80       1604     343211   Library Totals

    ----------------------------------------------------------------------

==============================================================================


      Code (inc. data)   RO Data    RW Data    ZI Data      Debug   

     30484       2534       4144        132       1724     429010   Grand Totals
     30484       2534       4144        132       1724     429010   ELF Image Totals
     30484       2534       4144        132          0          0   ROM Totals

==============================================================================

    Total RO  Size (Code + RO Data)                34628 (  33.82kB)
    Total RW  Size (RW Data + ZI Data)              1856 (   1.81kB)
    Total ROM Size (Code + RO Data + RW Data)      34760 (  33.95kB)

==============================================================================

